Archive member included because of file (symbol)

c:/altera/11.0/nios2eds/bin/gnu/h-i686-mingw32/bin/../lib/gcc/nios2-elf/4.1.2\libgcc.a(_addsub_df.o)
                              obj/hello_world.o (__adddf3)
c:/altera/11.0/nios2eds/bin/gnu/h-i686-mingw32/bin/../lib/gcc/nios2-elf/4.1.2\libgcc.a(_df_to_si.o)
                              obj/hello_world.o (__fixdfsi)
c:/altera/11.0/nios2eds/bin/gnu/h-i686-mingw32/bin/../lib/gcc/nios2-elf/4.1.2\libgcc.a(_thenan_df.o)
                              c:/altera/11.0/nios2eds/bin/gnu/h-i686-mingw32/bin/../lib/gcc/nios2-elf/4.1.2\libgcc.a(_addsub_df.o) (__thenan_df)
c:/altera/11.0/nios2eds/bin/gnu/h-i686-mingw32/bin/../lib/gcc/nios2-elf/4.1.2\libgcc.a(_usi_to_df.o)
                              obj/hello_world.o (__floatunsidf)
c:/altera/11.0/nios2eds/bin/gnu/h-i686-mingw32/bin/../lib/gcc/nios2-elf/4.1.2\libgcc.a(lib2-divmod.o)
                              obj/hello_world.o (__udivsi3)
c:/altera/11.0/nios2eds/bin/gnu/h-i686-mingw32/bin/../lib/gcc/nios2-elf/4.1.2\libgcc.a(_clzsi2.o)
                              c:/altera/11.0/nios2eds/bin/gnu/h-i686-mingw32/bin/../lib/gcc/nios2-elf/4.1.2\libgcc.a(_usi_to_df.o) (__clzsi2)
c:/altera/11.0/nios2eds/bin/gnu/h-i686-mingw32/bin/../lib/gcc/nios2-elf/4.1.2\libgcc.a(_pack_df.o)
                              c:/altera/11.0/nios2eds/bin/gnu/h-i686-mingw32/bin/../lib/gcc/nios2-elf/4.1.2\libgcc.a(_addsub_df.o) (__pack_d)
c:/altera/11.0/nios2eds/bin/gnu/h-i686-mingw32/bin/../lib/gcc/nios2-elf/4.1.2\libgcc.a(_unpack_df.o)
                              c:/altera/11.0/nios2eds/bin/gnu/h-i686-mingw32/bin/../lib/gcc/nios2-elf/4.1.2\libgcc.a(_addsub_df.o) (__unpack_d)
c:/altera/11.0/nios2eds/bin/gnu/h-i686-mingw32/bin/../lib/gcc/nios2-elf/4.1.2\libgcc.a(_clz.o)
                              c:/altera/11.0/nios2eds/bin/gnu/h-i686-mingw32/bin/../lib/gcc/nios2-elf/4.1.2\libgcc.a(_clzsi2.o) (__clz_tab)
../SOPC_bsp/\libhal_bsp.a(alt_irq_register.o)
                              obj/hello_world.o (alt_irq_register)
../SOPC_bsp/\libhal_bsp.a(alt_irq_vars.o)
                              ../SOPC_bsp/\libhal_bsp.a(alt_irq_register.o) (alt_irq_active)
../SOPC_bsp/\libhal_bsp.a(alt_main.o)
                              ../SOPC_bsp//obj/HAL/src/crt0.o (alt_main)
../SOPC_bsp/\libhal_bsp.a(alt_usleep.o)
                              obj/oled.o (usleep)
../SOPC_bsp/\libhal_bsp.a(alt_sys_init.o)
                              ../SOPC_bsp/\libhal_bsp.a(alt_main.o) (alt_irq_init)
../SOPC_bsp/\libhal_bsp.a(altera_avalon_cfi_flash.o)
                              ../SOPC_bsp/\libhal_bsp.a(alt_sys_init.o) (alt_flash_cfi_init)
../SOPC_bsp/\libhal_bsp.a(altera_avalon_cfi_flash_table.o)
                              ../SOPC_bsp/\libhal_bsp.a(altera_avalon_cfi_flash.o) (alt_set_flash_width_func)
../SOPC_bsp/\libhal_bsp.a(altera_avalon_epcs_flash_controller.o)
                              ../SOPC_bsp/\libhal_bsp.a(alt_sys_init.o) (alt_epcs_flash_init)
../SOPC_bsp/\libhal_bsp.a(altera_avalon_jtag_uart_fd.o)
                              ../SOPC_bsp/\libhal_bsp.a(alt_sys_init.o) (altera_avalon_jtag_uart_read_fd)
../SOPC_bsp/\libhal_bsp.a(altera_avalon_jtag_uart_init.o)
                              ../SOPC_bsp/\libhal_bsp.a(alt_sys_init.o) (altera_avalon_jtag_uart_init)
../SOPC_bsp/\libhal_bsp.a(altera_avalon_jtag_uart_ioctl.o)
                              ../SOPC_bsp/\libhal_bsp.a(altera_avalon_jtag_uart_fd.o) (altera_avalon_jtag_uart_ioctl)
../SOPC_bsp/\libhal_bsp.a(altera_avalon_jtag_uart_read.o)
                              ../SOPC_bsp/\libhal_bsp.a(altera_avalon_jtag_uart_fd.o) (altera_avalon_jtag_uart_read)
../SOPC_bsp/\libhal_bsp.a(altera_avalon_jtag_uart_write.o)
                              ../SOPC_bsp/\libhal_bsp.a(altera_avalon_jtag_uart_fd.o) (altera_avalon_jtag_uart_write)
../SOPC_bsp/\libhal_bsp.a(altera_avalon_timer_sc.o)
                              ../SOPC_bsp/\libhal_bsp.a(alt_sys_init.o) (alt_avalon_timer_sc_init)
../SOPC_bsp/\libhal_bsp.a(altera_avalon_uart_fd.o)
                              ../SOPC_bsp/\libhal_bsp.a(alt_sys_init.o) (altera_avalon_uart_read_fd)
../SOPC_bsp/\libhal_bsp.a(altera_avalon_uart_init.o)
                              ../SOPC_bsp/\libhal_bsp.a(alt_sys_init.o) (altera_avalon_uart_init)
../SOPC_bsp/\libhal_bsp.a(altera_avalon_uart_read.o)
                              ../SOPC_bsp/\libhal_bsp.a(altera_avalon_uart_fd.o) (altera_avalon_uart_read)
../SOPC_bsp/\libhal_bsp.a(altera_avalon_uart_write.o)
                              ../SOPC_bsp/\libhal_bsp.a(altera_avalon_uart_fd.o) (altera_avalon_uart_write)
../SOPC_bsp/\libhal_bsp.a(epcs_commands.o)
                              ../SOPC_bsp/\libhal_bsp.a(altera_avalon_epcs_flash_controller.o) (epcs_sector_erase)
../SOPC_bsp/\libhal_bsp.a(alt_alarm_start.o)
                              ../SOPC_bsp/\libhal_bsp.a(altera_avalon_jtag_uart_init.o) (alt_alarm_start)
../SOPC_bsp/\libhal_bsp.a(alt_busy_sleep.o)
[...]
Memory Configuration

Name             Origin             Length             Attributes
reset            0x00000000         0x00000020
epcs             0x00000020         0x000007e0
cfi_flash        0x01000000         0x00800000
sdram_BEFORE_EXCEPTION 0x04000000         0x00000020
sdram            0x04000020         0x01ffffe0
*default*        0x00000000         0xffffffff

Linker script and memory map

LOAD ../SOPC_bsp//obj/HAL/src/crt0.o
LOAD obj/hello_world.o
LOAD obj/oled.o
LOAD c:/altera/11.0/nios2eds/bin/gnu/h-i686-mingw32/bin/../lib/gcc/nios2-elf/4.1.2/../../../../nios2-elf/lib\libstdc++.a
LOAD c:/altera/11.0/nios2eds/bin/gnu/h-i686-mingw32/bin/../lib/gcc/nios2-elf/4.1.2/../../../../nios2-elf/lib\libm.a
LOAD c:/altera/11.0/nios2eds/bin/gnu/h-i686-mingw32/bin/../lib/gcc/nios2-elf/4.1.2\libgcc.a
START GROUP
LOAD c:/altera/11.0/nios2eds/bin/gnu/h-i686-mingw32/bin/../lib/gcc/nios2-elf/4.1.2/../../../../nios2-elf/lib\libc.a
LOAD c:/altera/11.0/nios2eds/bin/gnu/h-i686-mingw32/bin/../lib/gcc/nios2-elf/4.1.2\libgcc.a
LOAD ../SOPC_bsp/\libhal_bsp.a
END GROUP
LOAD c:/altera/11.0/nios2eds/bin/gnu/h-i686-mingw32/bin/../lib/gcc/nios2-elf/4.1.2\libgcc.a
                0x00000000                __alt_mem_epcs = 0x0
                0x01000000                __alt_mem_cfi_flash = 0x1000000
                0x04000000                __alt_mem_sdram = 0x4000000

.entry          0x00000000        0x0
 *(.entry)
 .entry         0x00000000        0x0 ../SOPC_bsp//obj/HAL/src/crt0.o
                0x00000000                __reset

.exceptions     0x04000020      0x194
                0x04000020                PROVIDE (__ram_exceptions_start, ABSOLUTE (.))
                0x04000020                . = ALIGN (0x20)
 *(.irq)
 *(.exceptions.entry.label)
 .exceptions.entry.label
                0x04000020        0x0 ../SOPC_bsp/\libhal_bsp.a(alt_irq_entry.o)
                0x04000020                alt_irq_entry
 .exceptions.entry.label
                0x04000020        0x0 ../SOPC_bsp/\libhal_bsp.a(alt_exception_entry.o)
                0x04000020                alt_exception
 *(.exceptions.entry.user)
 *(.exceptions.entry)
 .exceptions.entry
                0x04000020       0x54 ../SOPC_bsp/\libhal_bsp.a(alt_exception_entry.o)
 *(.exceptions.irqtest.user)
 *(.exceptions.irqtest)
 .exceptions.irqtest
                0x04000074       0x10 ../SOPC_bsp/\libhal_bsp.a(alt_irq_entry.o)
 *(.exceptions.irqhandler.user)
 *(.exceptions.irqhandler)
 .exceptions.irqhandler
                0x04000084        0x4 ../SOPC_bsp/\libhal_bsp.a(alt_irq_entry.o)
 *(.exceptions.irqreturn.user)
 *(.exceptions.irqreturn)
 .exceptions.irqreturn
                0x04000088        0x4 ../SOPC_bsp/\libhal_bsp.a(alt_irq_entry.o)
 *(.exceptions.notirq.label)
 .exceptions.notirq.label
                0x0400008c        0x0 ../SOPC_bsp/\libhal_bsp.a(alt_irq_entry.o)
 *(.exceptions.notirq.user)
 *(.exceptions.notirq)
 .exceptions.notirq
                0x0400008c        0x8 ../SOPC_bsp/\libhal_bsp.a(alt_exception_entry.o)
 *(.exceptions.soft.user)
 *(.exceptions.soft)
 *(.exceptions.unknown.user)
 *(.exceptions.unknown)
 .exceptions.unknown
                0x04000094        0x4 ../SOPC_bsp/\libhal_bsp.a(alt_exception_entry.o)
 *(.exceptions.exit.label)
 .exceptions.exit.label
                0x04000098        0x0 ../SOPC_bsp/\libhal_bsp.a(alt_irq_entry.o)
 .exceptions.exit.label
                0x04000098        0x0 ../SOPC_bsp/\libhal_bsp.a(alt_exception_entry.o)
 *(.exceptions.exit.user)
 *(.exceptions.exit)
 .exceptions.exit
                0x04000098       0x54 ../SOPC_bsp/\libhal_bsp.a(alt_exception_entry.o)
 *(.exceptions)
 .exceptions    0x040000ec       0xc8 ../SOPC_bsp/\libhal_bsp.a(alt_irq_handler.o)
                0x040000ec                alt_irq_handler
                0x040001b4                PROVIDE (__ram_exceptions_end, ABSOLUTE (.))
                0x04000020                PROVIDE (__flash_exceptions_start, LOADADDR (.exceptions))

.text           0x040001b4     0x88c4
                0x040001b4                PROVIDE (stext, ABSOLUTE (.))
 *(.interp)
 *(.hash)
 *(.dynsym)
 *(.dynstr)
 *(.gnu.version)
 *(.gnu.version_d)
 *(.gnu.version_r)
 *(.rel.init)
 *(.rela.init)
 *(.rel.text .rel.text.* .rel.gnu.linkonce.t.*)
 *(.rela.text .rela.text.* .rela.gnu.linkonce.t.*)
 *(.rel.fini)
 *(.rela.fini)
 *(.rel.rodata .rel.rodata.* .rel.gnu.linkonce.r.*)
 *(.rela.rodata .rela.rodata.* .rela.gnu.linkonce.r.*)
 *(.rel.data .rel.data.* .rel.gnu.linkonce.d.*)
 *(.rela.data .rela.data.* .rela.gnu.linkonce.d.*)
 *(.rel.tdata .rel.tdata.* .rel.gnu.linkonce.td.*)
 *(.rela.tdata .rela.tdata.* .rela.gnu.linkonce.td.*)
 *(.rel.tbss .rel.tbss.* .rel.gnu.linkonce.tb.*)
 *(.rela.tbss .rela.tbss.* .rela.gnu.linkonce.tb.*)
 *(.rel.ctors)
 *(.rela.ctors)
 *(.rel.dtors)
 *(.rela.dtors)
 *(.rel.got)
 *(.rela.got)
 *(.rel.sdata .rel.sdata.* .rel.gnu.linkonce.s.*)
 *(.rela.sdata .rela.sdata.* .rela.gnu.linkonce.s.*)
 *(.rel.sbss .rel.sbss.* .rel.gnu.linkonce.sb.*)
 *(.rela.sbss .rela.sbss.* .rela.gnu.linkonce.sb.*)
 *(.rel.sdata2 .rel.sdata2.* .rel.gnu.linkonce.s2.*)
 *(.rela.sdata2 .rela.sdata2.* .rela.gnu.linkonce.s2.*)
 *(.rel.sbss2 .rel.sbss2.* .rel.gnu.linkonce.sb2.*)
 *(.rela.sbss2 .rela.sbss2.* .rela.gnu.linkonce.sb2.*)
 *(.rel.bss .rel.bss.* .rel.gnu.linkonce.b.*)
 *(.rela.bss .rela.bss.* .rela.gnu.linkonce.b.*)
 *(.rel.plt)
 *(.rela.plt)
 *(.rel.dyn)
 *(.init)
 *(.plt)
 *(.text .stub .text.* .gnu.linkonce.t.*)
 .text          0x040001b4       0x48 ../SOPC_bsp//obj/HAL/src/crt0.o
                0x040001b4                _start
 .text          0x040001fc      0x218 obj/hello_world.o
                0x040001fc                SetBaudrate
                0x04000280                uart_isr
                0x0400030c                UartInit
                0x0400035c                isr_timer0
                0x0400038c                TimerInit
                0x040003f4                main
 .text          0x04000414     0x12c4 obj/oled.o
                0x04000414                Write_Command
                0x04000440                Write_Data
                0x0400046c                uDelay
                0x040004b8                Delay
                0x04000548                Set_Start_Column
                0x04000590                Set_Addressing_Mode
                0x040005c8                Set_Column_Address
                0x0400060c                Set_Page_Address
                0x04000650                Set_Start_Line
                0x04000688                Set_Contrast_Control
                0x040006c0                Set_Area_Brightness
                0x040006f8                Set_Segment_Remap
                0x04000734                Set_Entire_Display
                0x04000770                Set_Inverse_Display
                0x040007ac                Set_Multiplex_Ratio
                0x040007e4                Set_Dim_Mode
                0x04000838                Set_Master_Config
                0x0400087c                Set_Display_On_Off
                0x040008b8                Set_Start_Page
                0x040008f4                Set_Common_Remap
                0x04000930                Set_Display_Offset
                0x04000968                Set_Display_Clock
                0x040009a0                Set_Area_Color
                0x040009d8                Set_Precharge_Period
                0x04000a10                Set_Common_Config
                0x04000a50                Set_VCOMH
                0x04000a88                Set_Read_Modify_Write
                0x04000ac4                Set_NOP
                0x04000af0                Fill_RAM
                0x04000b70                Fill_Block
                0x04000c0c                Checkerboard
                0x04000c90                Frame
                0x04000da4                Show_Font57
                0x04000ed0                Show_String
                0x04000f6c                Show_Pattern
                0x04001024                Vertical_Scroll
                0x04001164                Horizontal_Scroll
                0x040011e8                Continuous_Scroll
                0x040012a4                Deactivate_Scroll
                0x040012d0                Fade_In
                0x04001340                Fade_Out
                0x040013b8                Sleep
                0x04001428                Test
                0x0400148c                Set_LUT
                0x040014e8                Set_Bank_Color
                0x0400155c                OLED_Init
 .text          0x040016d8      0x504 c:/altera/11.0/nios2eds/bin/gnu/h-i686-mingw32/bin/../lib/gcc/nios2-elf/4.1.2\libgcc.a(_addsub_df.o)
                0x04001ae8                __subdf3
                0x04001b68                __adddf3
 .text          0x04001bdc       0xd8 c:/altera/11.0/nios2eds/bin/gnu/h-i686-mingw32/bin/../lib/gcc/nios2-elf/4.1.2\libgcc.a(_df_to_si.o)
                0x04001bdc                __fixdfsi
 .text          0x04001cb4        0x0 c:/altera/11.0/nios2eds/bin/gnu/h-i686-mingw32/bin/../lib/gcc/nios2-elf/4.1.2\libgcc.a(_thenan_df.o)
 .text          0x04001cb4      0x194 c:/altera/11.0/nios2eds/bin/gnu/h-i686-mingw32/bin/../lib/gcc/nios2-elf/4.1.2\libgcc.a(_usi_to_df.o)
                0x04001cb4                __floatunsidf
 .text          0x04001e48      0x14c c:/altera/11.0/nios2eds/bin/gnu/h-i686-mingw32/bin/../lib/gcc/nios2-elf/4.1.2\libgcc.a(lib2-divmod.o)
                0x04001ec4                __divsi3
                0x04001f24                __modsi3
                0x04001f84                __udivsi3
                0x04001f8c                __umodsi3
 .text          0x04001f94       0x80 c:/altera/11.0/nios2eds/bin/gnu/h-i686-mingw32/bin/../lib/gcc/nios2-elf/4.1.2\libgcc.a(_clzsi2.o)
                0x04001f94                __clzsi2
 .text          0x04002014      0x314 c:/altera/11.0/nios2eds/bin/gnu/h-i686-mingw32/bin/../lib/gcc/nios2-elf/4.1.2\libgcc.a(_pack_df.o)
                0x04002014                __pack_d
 .text          0x04002328      0x138 c:/altera/11.0/nios2eds/bin/gnu/h-i686-mingw32/bin/../lib/gcc/nios2-elf/4.1.2\libgcc.a(_unpack_df.o)
                0x04002328                __unpack_d
 .text          0x04002460        0x0 c:/altera/11.0/nios2eds/bin/gnu/h-i686-mingw32/bin/../lib/gcc/nios2-elf/4.1.2\libgcc.a(_clz.o)
 .text          0x04002460      0x1c0 ../SOPC_bsp/\libhal_bsp.a(alt_irq_register.o)
                0x04002460                alt_irq_register
 .text          0x04002620        0x0 ../SOPC_bsp/\libhal_bsp.a(alt_irq_vars.o)
 .text          0x04002620       0x6c ../SOPC_bsp/\libhal_bsp.a(alt_main.o)
                0x04002620                alt_main
 .text          0x0400268c       0x30 ../SOPC_bsp/\libhal_bsp.a(alt_usleep.o)
                0x0400268c                usleep
 .text          0x040026bc       0xfc ../SOPC_bsp/\libhal_bsp.a(alt_sys_init.o)
                0x040026bc                alt_irq_init
                0x040026f0                alt_sys_init
 .text          0x040027b8      0x8c8 ../SOPC_bsp/\libhal_bsp.a(altera_avalon_cfi_flash.o)
                0x040027b8                alt_flash_cfi_init
                0x0400288c                alt_flash_cfi_write
                0x04002b4c                alt_flash_cfi_get_info
                0x04002bdc                alt_flash_cfi_read
                0x04002c44                alt_write_value_to_flash
                0x04002da8                alt_flash_program_block
 .text          0x04003080     0x1448 ../SOPC_bsp/\libhal_bsp.a(altera_avalon_cfi_flash_table.o)
                0x04003080                alt_read_query_entry_8bit
                0x040030c0                alt_read_query_entry_16bit
                0x04003104                alt_read_query_entry_32bit
                0x0400314c                alt_write_flash_command_8bit_device_8bit_mode
                0x04003188                alt_write_flash_command_16bit_device_8bit_mode
                0x04003204                alt_write_flash_command_32bit_device_8bit_mode
                0x0400324c                alt_write_flash_command_16bit_device_16bit_mode
                0x04003290                alt_write_flash_command_32bit_device_16bit_mode
                0x040032d8                alt_write_flash_command_32bit_device_32bit_mode
                0x04003320                alt_write_native_8bit
                0x04003354                alt_write_native_16bit
                0x04003388                alt_write_native_32bit
                0x040033b8                alt_set_flash_width_func
                0x04003598                alt_set_flash_algorithm_func
                0x040036c0                alt_read_cfi_table
                0x04003c40                alt_read_cfi_width
                0x040043ec                alt_check_primary_table
 .text          0x040044c8      0x934 ../SOPC_bsp/\libhal_bsp.a(altera_avalon_epcs_flash_controller.o)
                0x040044c8                alt_epcs_flash_init
                0x04004848                alt_epcs_flash_write
                0x04004ac8                alt_epcs_flash_get_info
                0x04004b58                alt_epcs_flash_erase_block
                0x04004c60                alt_epcs_flash_write_block
                0x04004d70                alt_epcs_flash_read
 .text          0x04004dfc      0x148 ../SOPC_bsp/\libhal_bsp.a(altera_avalon_jtag_uart_fd.o)
                0x04004dfc                altera_avalon_jtag_uart_read_fd
                0x04004e54                altera_avalon_jtag_uart_write_fd
                0x04004eac                altera_avalon_jtag_uart_close_fd
                0x04004ef4                altera_avalon_jtag_uart_ioctl_fd
 .text          0x04004f44      0x40c ../SOPC_bsp/\libhal_bsp.a(altera_avalon_jtag_uart_init.o)
                0x04004f44                altera_avalon_jtag_uart_init
                0x040052dc                altera_avalon_jtag_uart_close
 .text          0x04005350       0xf4 ../SOPC_bsp/\libhal_bsp.a(altera_avalon_jtag_uart_ioctl.o)
                0x04005350                altera_avalon_jtag_uart_ioctl
 .text          0x04005444      0x224 ../SOPC_bsp/\libhal_bsp.a(altera_avalon_jtag_uart_read.o)
                0x04005444                altera_avalon_jtag_uart_read
 .text          0x04005668      0x240 ../SOPC_bsp/\libhal_bsp.a(altera_avalon_jtag_uart_write.o)
                0x04005668                altera_avalon_jtag_uart_write
 .text          0x040058a8      0x100 ../SOPC_bsp/\libhal_bsp.a(altera_avalon_timer_sc.o)
                0x04005918                alt_avalon_timer_sc_init
 .text          0x040059a8       0xf8 ../SOPC_bsp/\libhal_bsp.a(altera_avalon_uart_fd.o)
                0x040059a8                altera_avalon_uart_read_fd
                0x04005a00                altera_avalon_uart_write_fd
                0x04005a58                altera_avalon_uart_close_fd
 .text          0x04005aa0      0x400 ../SOPC_bsp/\libhal_bsp.a(altera_avalon_uart_init.o)
                0x04005aa0                altera_avalon_uart_init
                0x04005e40                altera_avalon_uart_close
 .text          0x04005ea0      0x290 ../SOPC_bsp/\libhal_bsp.a(altera_avalon_uart_read.o)
                0x04005ea0                altera_avalon_uart_read
 .text          0x04006130      0x228 ../SOPC_bsp/\libhal_bsp.a(altera_avalon_uart_write.o)
                0x04006130                altera_avalon_uart_write
 .text          0x04006358      0x460 ../SOPC_bsp/\libhal_bsp.a(epcs_commands.o)
                0x04006358                epcs_read_status_register
                0x040063b8                epcs_sector_erase
                0x040064a4                epcs_read_buffer
                0x04006558                epcs_write_enable
                0x040065a8                epcs_write_status_register
                0x0400660c                epcs_write_buffer
                0x040066e4                epcs_read_electronic_signature
                0x04006750                epcs_read_device_id
 .text          0x040067b8      0x154 ../SOPC_bsp/\libhal_bsp.a(alt_alarm_start.o)
                0x040067b8                alt_alarm_start
 .text          0x0400690c      0x14c ../SOPC_bsp/\libhal_bsp.a(alt_busy_sleep.o)
                0x0400690c                alt_busy_sleep
 .text          0x04006a58      0x15c ../SOPC_bsp/\libhal_bsp.a(alt_close.o)
                0x04006a58                close
 .text          0x04006bb4       0x78 ../SOPC_bsp/\libhal_bsp.a(alt_dcache_flush.o)
                0x04006bb4                alt_dcache_flush
 .text          0x04006c2c       0x2c ../SOPC_bsp/\libhal_bsp.a(alt_dev.o)
 .text          0x04006c58      0x114 ../SOPC_bsp/\libhal_bsp.a(alt_dev_llist_insert.o)
                0x04006c58                alt_dev_llist_insert
 .text          0x04006d6c       0x64 ../SOPC_bsp/\libhal_bsp.a(alt_do_ctors.o)
                0x04006d6c                _do_ctors
 .text          0x04006dd0       0x64 ../SOPC_bsp/\libhal_bsp.a(alt_do_dtors.o)
                0x04006dd0                _do_dtors
 .text          0x04006e34        0x0 ../SOPC_bsp/\libhal_bsp.a(alt_errno.o)
 .text          0x04006e34       0xd0 ../SOPC_bsp/\libhal_bsp.a(alt_flash_dev.o)
                0x04006e34                alt_flash_open_dev
                0x04006eb0                alt_flash_close_dev
 .text          0x04006f04      0x1d4 ../SOPC_bsp/\libhal_bsp.a(alt_iic.o)
                0x04006f04                alt_ic_isr_register
                0x04006f54                alt_ic_irq_enable
                0x04006ff0                alt_ic_irq_disable
                0x04007090                alt_ic_irq_enabled
 .text          0x040070d8       0xf8 ../SOPC_bsp/\libhal_bsp.a(alt_iic_isr_register.o)
                0x040070d8                alt_iic_isr_register
 .text          0x040071d0      0x13c ../SOPC_bsp/\libhal_bsp.a(alt_io_redirect.o)
                0x04007294                alt_io_redirect
 .text          0x0400730c        0x0 ../SOPC_bsp/\libhal_bsp.a(alt_irq_entry.o)
 .text          0x0400730c        0x0 ../SOPC_bsp/\libhal_bsp.a(alt_irq_handler.o)
 .text          0x0400730c      0x2c4 ../SOPC_bsp/\libhal_bsp.a(alt_open.o)
                0x040073e8                open
 .text          0x040075d0       0x60 ../SOPC_bsp/\libhal_bsp.a(alt_release_fd.o)
                0x040075d0                alt_release_fd
 .text          0x04007630      0x1a4 ../SOPC_bsp/\libhal_bsp.a(alt_tick.o)
                0x04007630                alt_alarm_stop
                0x040076c8                alt_tick
 .text          0x040077d4       0x20 ../SOPC_bsp/\libhal_bsp.a(altera_nios2_irq.o)
                0x040077d4                altera_nios2_irq_init
 .text          0x040077f4      0x460 ../SOPC_bsp/\libhal_bsp.a(altera_avalon_cfi_flash_amd.o)
                0x040077f4                alt_program_amd
                0x0400785c                alt_erase_block_amd
 .text          0x04007c54      0x460 ../SOPC_bsp/\libhal_bsp.a(altera_avalon_cfi_flash_intel.o)
                0x04007c54                alt_program_intel
                0x04007cd8                alt_erase_block_intel
 .text          0x040080b4      0x238 ../SOPC_bsp/\libhal_bsp.a(altera_avalon_spi.o)
                0x040080b4                alt_avalon_spi_command
 .text          0x040082ec        0x0 ../SOPC_bsp/\libhal_bsp.a(alt_exception_entry.o)
 .text          0x040082ec       0x94 ../SOPC_bsp/\libhal_bsp.a(alt_find_dev.o)
                0x040082ec                alt_find_dev
 .text          0x04008380      0x120 ../SOPC_bsp/\libhal_bsp.a(alt_find_file.o)
                0x04008380                alt_find_file
 .text          0x040084a0       0xb8 ../SOPC_bsp/\libhal_bsp.a(alt_get_fd.o)
                0x040084a0                alt_get_fd
 .text          0x04008558       0x14 c:/altera/11.0/nios2eds/bin/gnu/h-i686-mingw32/bin/../lib/gcc/nios2-elf/4.1.2/../../../../nios2-elf/lib\libc.a(lib_a-atexit.o)
                0x04008558                atexit
 .text          0x0400856c       0x38 c:/altera/11.0/nios2eds/bin/gnu/h-i686-mingw32/bin/../lib/gcc/nios2-elf/4.1.2/../../../../nios2-elf/lib\libc.a(lib_a-exit.o)
                0x0400856c                exit
 .text          0x040085a4        0x0 c:/altera/11.0/nios2eds/bin/gnu/h-i686-mingw32/bin/../lib/gcc/nios2-elf/4.1.2/../../../../nios2-elf/lib\libc.a(lib_a-impure.o)
 .text          0x040085a4        0x0 c:/altera/11.0/nios2eds/bin/gnu/h-i686-mingw32/bin/../lib/gcc/nios2-elf/4.1.2/../../../../nios2-elf/lib\libc.a(lib_a-int_errno.o)
 .text          0x040085a4       0x74 c:/altera/11.0/nios2eds/bin/gnu/h-i686-mingw32/bin/../lib/gcc/nios2-elf/4.1.2/../../../../nios2-elf/lib\libc.a(lib_a-memcmp.o)
                0x040085a4                memcmp
 .text          0x04008618       0xa0 c:/altera/11.0/nios2eds/bin/gnu/h-i686-mingw32/bin/../lib/gcc/nios2-elf/4.1.2/../../../../nios2-elf/lib\libc.a(lib_a-memcpy.o)
                0x04008618                memcpy
 .text          0x040086b8       0x74 c:/altera/11.0/nios2eds/bin/gnu/h-i686-mingw32/bin/../lib/gcc/nios2-elf/4.1.2/../../../../nios2-elf/lib\libc.a(lib_a-strlen.o)
                0x040086b8                strlen
 .text          0x0400872c      0x134 c:/altera/11.0/nios2eds/bin/gnu/h-i686-mingw32/bin/../lib/gcc/nios2-elf/4.1.2/../../../../nios2-elf/lib\libc.a(lib_a-__atexit.o)
                0x0400872c                __register_exitproc
 .text          0x04008860      0x1b4 c:/altera/11.0/nios2eds/bin/gnu/h-i686-mingw32/bin/../lib/gcc/nios2-elf/4.1.2/../../../../nios2-elf/lib\libc.a(lib_a-__call_atexit.o)
                0x04008864                __call_exitprocs
 .text          0x04008a14       0x60 ../SOPC_bsp/\libhal_bsp.a(alt_exit.o)
                0x04008a54                _exit
 *(.gnu.warning.*)
 *(.fini)
                0x04008a74                PROVIDE (__etext, ABSOLUTE (.))
                0x04008a74                PROVIDE (_etext, ABSOLUTE (.))
                0x04008a74                PROVIDE (etext, ABSOLUTE (.))
 *(.eh_frame_hdr)
                0x04008a74                . = ALIGN (0x4)
                0x04008a74                PROVIDE (__preinit_array_start, ABSOLUTE (.))
 *(.preinit_array)
                0x04008a74                PROVIDE (__preinit_array_end, ABSOLUTE (.))
                0x04008a74                PROVIDE (__init_array_start, ABSOLUTE (.))
 *(.init_array)
                0x04008a74                PROVIDE (__init_array_end, ABSOLUTE (.))
                0x04008a74                PROVIDE (__fini_array_start, ABSOLUTE (.))
 *(.fini_array)
                0x04008a74                PROVIDE (__fini_array_end, ABSOLUTE (.))
 *(.eh_frame)
 *(.gcc_except_table)
 *(.dynamic)
                0x04008a74                PROVIDE (__CTOR_LIST__, ABSOLUTE (.))
 *(.ctors)
 *(SORT(.ctors.*))
 .ctors.65535   0x04008a74        0x4 c:/altera/11.0/nios2eds/bin/gnu/h-i686-mingw32/bin/../lib/gcc/nios2-elf/4.1.2/../../../../nios2-elf/lib\libc.a(lib_a-__call_atexit.o)
                0x04008a78                PROVIDE (__CTOR_END__, ABSOLUTE (.))
                0x04008a78                PROVIDE (__DTOR_LIST__, ABSOLUTE (.))
 *(.dtors)
 *(SORT(.dtors.*))
                0x04008a78                PROVIDE (__DTOR_END__, ABSOLUTE (.))
 *(.jcr)
                0x04008a78                . = ALIGN (0x4)

.rodata         0x04008a78      0x16c
                0x04008a78                PROVIDE (__ram_rodata_start, ABSOLUTE (.))
                0x04008a78                . = ALIGN (0x4)
 *(.rodata .rodata.* .gnu.linkonce.r.*)
 .rodata        0x04008a78       0x14 c:/altera/11.0/nios2eds/bin/gnu/h-i686-mingw32/bin/../lib/gcc/nios2-elf/4.1.2\libgcc.a(_thenan_df.o)
                0x04008a78                __thenan_df
 .rodata        0x04008a8c      0x100 c:/altera/11.0/nios2eds/bin/gnu/h-i686-mingw32/bin/../lib/gcc/nios2-elf/4.1.2\libgcc.a(_clz.o)
                0x04008a8c                __clz_tab
 .rodata        0x04008b8c       0x10 ../SOPC_bsp/\libhal_bsp.a(alt_main.o)
 .rodata        0x04008b9c       0x38 ../SOPC_bsp/\libhal_bsp.a(alt_sys_init.o)
 .rodata        0x04008bd4        0xc ../SOPC_bsp/\libhal_bsp.a(alt_dev.o)
 .rodata.str1.4
                0x04008be0        0x4 c:/altera/11.0/nios2eds/bin/gnu/h-i686-mingw32/bin/../lib/gcc/nios2-elf/4.1.2/../../../../nios2-elf/lib\libc.a(lib_a-impure.o)
 *(.rodata1)
                0x04008be4                . = ALIGN (0x4)
                0x04008be4                PROVIDE (__ram_rodata_end, ABSOLUTE (.))
                0x04008a78                PROVIDE (__flash_rodata_start, LOADADDR (.rodata))

.rwdata         0x04008be4     0x265c
                0x04008be4                PROVIDE (__ram_rwdata_start, ABSOLUTE (.))
                0x04008be4                . = ALIGN (0x4)
 *(.got.plt)
 *(.got)
 *(.data1)
 *(.data .data.* .gnu.linkonce.d.*)
 .data          0x04008be4        0x0 ../SOPC_bsp//obj/HAL/src/crt0.o
 .data          0x04008be4      0x6ea obj/hello_world.o
                0x040092ba                UartTxBuffer
 .data          0x040092ce      0x6d6 obj/oled.o
 .data          0x040099a4        0x0 c:/altera/11.0/nios2eds/bin/gnu/h-i686-mingw32/bin/../lib/gcc/nios2-elf/4.1.2\libgcc.a(_addsub_df.o)
 .data          0x040099a4        0x0 c:/altera/11.0/nios2eds/bin/gnu/h-i686-mingw32/bin/../lib/gcc/nios2-elf/4.1.2\libgcc.a(_df_to_si.o)
 .data          0x040099a4        0x0 c:/altera/11.0/nios2eds/bin/gnu/h-i686-mingw32/bin/../lib/gcc/nios2-elf/4.1.2\libgcc.a(_thenan_df.o)
 .data          0x040099a4        0x0 c:/altera/11.0/nios2eds/bin/gnu/h-i686-mingw32/bin/../lib/gcc/nios2-elf/4.1.2\libgcc.a(_usi_to_df.o)
 .data          0x040099a4        0x0 c:/altera/11.0/nios2eds/bin/gnu/h-i686-mingw32/bin/../lib/gcc/nios2-elf/4.1.2\libgcc.a(lib2-divmod.o)
 .data          0x040099a4        0x0 c:/altera/11.0/nios2eds/bin/gnu/h-i686-mingw32/bin/../lib/gcc/nios2-elf/4.1.2\libgcc.a(_clzsi2.o)
 .data          0x040099a4        0x0 c:/altera/11.0/nios2eds/bin/gnu/h-i686-mingw32/bin/../lib/gcc/nios2-elf/4.1.2\libgcc.a(_pack_df.o)
 .data          0x040099a4        0x0 c:/altera/11.0/nios2eds/bin/gnu/h-i686-mingw32/bin/../lib/gcc/nios2-elf/4.1.2\libgcc.a(_unpack_df.o)
 .data          0x040099a4        0x0 c:/altera/11.0/nios2eds/bin/gnu/h-i686-mingw32/bin/../lib/gcc/nios2-elf/4.1.2\libgcc.a(_clz.o)
 .data          0x040099a4        0x0 ../SOPC_bsp/\libhal_bsp.a(alt_irq_register.o)
 .data          0x040099a4        0x0 ../SOPC_bsp/\libhal_bsp.a(alt_irq_vars.o)
 .data          0x040099a4        0x0 ../SOPC_bsp/\libhal_bsp.a(alt_main.o)
 .data          0x040099a4        0x0 ../SOPC_bsp/\libhal_bsp.a(alt_usleep.o)
 .data          0x040099a4     0x12c0 ../SOPC_bsp/\libhal_bsp.a(alt_sys_init.o)
 .data          0x0400ac64        0x0 ../SOPC_bsp/\libhal_bsp.a(altera_avalon_cfi_flash.o)
 .data          0x0400ac64        0x0 ../SOPC_bsp/\libhal_bsp.a(altera_avalon_cfi_flash_table.o)
 .data          0x0400ac64        0x0 ../SOPC_bsp/\libhal_bsp.a(altera_avalon_epcs_flash_controller.o)
 .data          0x0400ac64        0x0 ../SOPC_bsp/\libhal_bsp.a(altera_avalon_jtag_uart_fd.o)
 .data          0x0400ac64        0x0 ../SOPC_bsp/\libhal_bsp.a(altera_avalon_jtag_uart_init.o)
 .data          0x0400ac64        0x0 ../SOPC_bsp/\libhal_bsp.a(altera_avalon_jtag_uart_ioctl.o)
 .data          0x0400ac64        0x0 ../SOPC_bsp/\libhal_bsp.a(altera_avalon_jtag_uart_read.o)
 .data          0x0400ac64        0x0 ../SOPC_bsp/\libhal_bsp.a(altera_avalon_jtag_uart_write.o)
 .data          0x0400ac64        0x0 ../SOPC_bsp/\libhal_bsp.a(altera_avalon_timer_sc.o)
 .data          0x0400ac64        0x0 ../SOPC_bsp/\libhal_bsp.a(altera_avalon_uart_fd.o)
 .data          0x0400ac64        0x0 ../SOPC_bsp/\libhal_bsp.a(altera_avalon_uart_init.o)
 .data          0x0400ac64        0x0 ../SOPC_bsp/\libhal_bsp.a(altera_avalon_uart_read.o)
 .data          0x0400ac64        0x0 ../SOPC_bsp/\libhal_bsp.a(altera_avalon_uart_write.o)
 .data          0x0400ac64        0x0 ../SOPC_bsp/\libhal_bsp.a(epcs_commands.o)
 .data          0x0400ac64        0x0 ../SOPC_bsp/\libhal_bsp.a(alt_alarm_start.o)
 .data          0x0400ac64        0x0 ../SOPC_bsp/\libhal_bsp.a(alt_busy_sleep.o)
 .data          0x0400ac64        0x0 ../SOPC_bsp/\libhal_bsp.a(alt_close.o)
 .data          0x0400ac64        0x0 ../SOPC_bsp/\libhal_bsp.a(alt_dcache_flush.o)
 .data          0x0400ac64      0x1a8 ../SOPC_bsp/\libhal_bsp.a(alt_dev.o)
                0x0400ac64                alt_dev_null
                0x0400ac8c                alt_fd_list
 .data          0x0400ae0c        0x0 ../SOPC_bsp/\libhal_bsp.a(alt_dev_llist_insert.o)
 .data          0x0400ae0c        0x0 ../SOPC_bsp/\libhal_bsp.a(alt_do_ctors.o)
 .data          0x0400ae0c        0x0 ../SOPC_bsp/\libhal_bsp.a(alt_do_dtors.o)
 .data          0x0400ae0c        0x0 ../SOPC_bsp/\libhal_bsp.a(alt_errno.o)
 .data          0x0400ae0c        0x0 ../SOPC_bsp/\libhal_bsp.a(alt_flash_dev.o)
 .data          0x0400ae0c        0x0 ../SOPC_bsp/\libhal_bsp.a(alt_iic.o)
 .data          0x0400ae0c        0x0 ../SOPC_bsp/\libhal_bsp.a(alt_iic_isr_register.o)
 .data          0x0400ae0c        0x0 ../SOPC_bsp/\libhal_bsp.a(alt_io_redirect.o)
 .data          0x0400ae0c        0x0 ../SOPC_bsp/\libhal_bsp.a(alt_irq_entry.o)
 .data          0x0400ae0c        0x0 ../SOPC_bsp/\libhal_bsp.a(alt_irq_handler.o)
 .data          0x0400ae0c        0x0 ../SOPC_bsp/\libhal_bsp.a(alt_open.o)
 .data          0x0400ae0c        0x0 ../SOPC_bsp/\libhal_bsp.a(alt_release_fd.o)
 .data          0x0400ae0c        0x0 ../SOPC_bsp/\libhal_bsp.a(alt_tick.o)
 .data          0x0400ae0c        0x0 ../SOPC_bsp/\libhal_bsp.a(altera_nios2_irq.o)
 .data          0x0400ae0c        0x0 ../SOPC_bsp/\libhal_bsp.a(altera_avalon_cfi_flash_amd.o)
 .data          0x0400ae0c        0x0 ../SOPC_bsp/\libhal_bsp.a(altera_avalon_cfi_flash_intel.o)
 .data          0x0400ae0c        0x0 ../SOPC_bsp/\libhal_bsp.a(altera_avalon_spi.o)
 .data          0x0400ae0c        0x0 ../SOPC_bsp/\libhal_bsp.a(alt_exception_entry.o)
 .data          0x0400ae0c        0x0 ../SOPC_bsp/\libhal_bsp.a(alt_find_dev.o)
 .data          0x0400ae0c        0x0 ../SOPC_bsp/\libhal_bsp.a(alt_find_file.o)
 .data          0x0400ae0c        0x0 ../SOPC_bsp/\libhal_bsp.a(alt_get_fd.o)
 .data          0x0400ae0c        0x0 c:/altera/11.0/nios2eds/bin/gnu/h-i686-mingw32/bin/../lib/gcc/nios2-elf/4.1.2/../../../../nios2-elf/lib\libc.a(lib_a-atexit.o)
 .data          0x0400ae0c        0x0 c:/altera/11.0/nios2eds/bin/gnu/h-i686-mingw32/bin/../lib/gcc/nios2-elf/4.1.2/../../../../nios2-elf/lib\libc.a(lib_a-exit.o)
 .data          0x0400ae0c      0x400 c:/altera/11.0/nios2eds/bin/gnu/h-i686-mingw32/bin/../lib/gcc/nios2-elf/4.1.2/../../../../nios2-elf/lib\libc.a(lib_a-impure.o)
 .data          0x0400b20c        0x0 c:/altera/11.0/nios2eds/bin/gnu/h-i686-mingw32/bin/../lib/gcc/nios2-elf/4.1.2/../../../../nios2-elf/lib\libc.a(lib_a-int_errno.o)
 .data          0x0400b20c        0x0 c:/altera/11.0/nios2eds/bin/gnu/h-i686-mingw32/bin/../lib/gcc/nios2-elf/4.1.2/../../../../nios2-elf/lib\libc.a(lib_a-memcmp.o)
 .data          0x0400b20c        0x0 c:/altera/11.0/nios2eds/bin/gnu/h-i686-mingw32/bin/../lib/gcc/nios2-elf/4.1.2/../../../../nios2-elf/lib\libc.a(lib_a-memcpy.o)
 .data          0x0400b20c        0x0 c:/altera/11.0/nios2eds/bin/gnu/h-i686-mingw32/bin/../lib/gcc/nios2-elf/4.1.2/../../../../nios2-elf/lib\libc.a(lib_a-strlen.o)
 .data          0x0400b20c        0x0 c:/altera/11.0/nios2eds/bin/gnu/h-i686-mingw32/bin/../lib/gcc/nios2-elf/4.1.2/../../../../nios2-elf/lib\libc.a(lib_a-__atexit.o)
 .data          0x0400b20c        0x0 c:/altera/11.0/nios2eds/bin/gnu/h-i686-mingw32/bin/../lib/gcc/nios2-elf/4.1.2/../../../../nios2-elf/lib\libc.a(lib_a-__call_atexit.o)
 .data          0x0400b20c        0x0 ../SOPC_bsp/\libhal_bsp.a(alt_exit.o)
                0x0401320c                _gp = ABSOLUTE ((. + 0x8000))
                0x0401320c                PROVIDE (gp, _gp)
 *(.rwdata .rwdata.*)
 *(.sdata .sdata.* .gnu.linkonce.s.*)
 .sdata         0x0400b20c        0x4 ../SOPC_bsp/\libhal_bsp.a(alt_irq_vars.o)
                0x0400b20c                alt_priority_mask
 .sdata         0x0400b210       0x14 ../SOPC_bsp/\libhal_bsp.a(alt_dev.o)
                0x0400b210                alt_fs_list
                0x0400b218                alt_dev_list
                0x0400b220                alt_max_fd
 .sdata         0x0400b224        0x4 ../SOPC_bsp/\libhal_bsp.a(alt_errno.o)
                0x0400b224                alt_errno
 .sdata         0x0400b228        0x8 ../SOPC_bsp/\libhal_bsp.a(alt_flash_dev.o)
                0x0400b228                alt_flash_dev_list
 .sdata         0x0400b230        0x8 ../SOPC_bsp/\libhal_bsp.a(alt_tick.o)
                0x0400b230                alt_alarm_list
 .sdata         0x0400b238        0x8 c:/altera/11.0/nios2eds/bin/gnu/h-i686-mingw32/bin/../lib/gcc/nios2-elf/4.1.2/../../../../nios2-elf/lib\libc.a(lib_a-impure.o)
                0x0400b238                _impure_ptr
                0x0400b23c                _global_impure_ptr
 *(.sdata2 .sdata2.* .gnu.linkonce.s2.*)
                0x0400b240                . = ALIGN (0x4)
                0x0400b240                _edata = ABSOLUTE (.)
                0x0400b240                PROVIDE (edata, ABSOLUTE (.))
                0x0400b240                PROVIDE (__ram_rwdata_end, ABSOLUTE (.))
                0x04008be4                PROVIDE (__flash_rwdata_start, LOADADDR (.rwdata))

.bss            0x0400b240      0x2b0
                0x0400b240                __bss_start = ABSOLUTE (.)
                0x0400b240                PROVIDE (__sbss_start, ABSOLUTE (.))
                0x0400b240                PROVIDE (___sbss_start, ABSOLUTE (.))
 *(.dynsbss)
 *(.sbss .sbss.* .gnu.linkonce.sb.*)
 .sbss          0x0400b240        0x4 obj/hello_world.o
                0x0400b240                TxCounter
 .sbss          0x0400b244        0x4 ../SOPC_bsp/\libhal_bsp.a(alt_irq_vars.o)
                0x0400b244                alt_irq_active
 .sbss          0x0400b248        0xc ../SOPC_bsp/\libhal_bsp.a(alt_main.o)
                0x0400b248                alt_argc
                0x0400b24c                alt_argv
                0x0400b250                alt_envp
 .sbss          0x0400b254        0x8 ../SOPC_bsp/\libhal_bsp.a(alt_tick.o)
                0x0400b254                _alt_tick_rate
                0x0400b258                _alt_nticks
 .sbss          0x0400b25c        0x4 c:/altera/11.0/nios2eds/bin/gnu/h-i686-mingw32/bin/../lib/gcc/nios2-elf/4.1.2/../../../../nios2-elf/lib\libc.a(lib_a-int_errno.o)
                0x0400b25c                errno
 *(.sbss2 .sbss2.* .gnu.linkonce.sb2.*)
 *(.scommon)
                0x0400b260                PROVIDE (__sbss_end, ABSOLUTE (.))
                0x0400b260                PROVIDE (___sbss_end, ABSOLUTE (.))
 *(.dynbss)
 *(.bss .bss.* .gnu.linkonce.b.*)
 .bss           0x0400b260        0x0 ../SOPC_bsp//obj/HAL/src/crt0.o
 .bss           0x0400b260        0x0 obj/hello_world.o
 .bss           0x0400b260        0x0 obj/oled.o
 .bss           0x0400b260        0x0 c:/altera/11.0/nios2eds/bin/gnu/h-i686-mingw32/bin/../lib/gcc/nios2-elf/4.1.2\libgcc.a(_addsub_df.o)
 .bss           0x0400b260        0x0 c:/altera/11.0/nios2eds/bin/gnu/h-i686-mingw32/bin/../lib/gcc/nios2-elf/4.1.2\libgcc.a(_df_to_si.o)
 .bss           0x0400b260        0x0 c:/altera/11.0/nios2eds/bin/gnu/h-i686-mingw32/bin/../lib/gcc/nios2-elf/4.1.2\libgcc.a(_thenan_df.o)
 .bss           0x0400b260        0x0 c:/altera/11.0/nios2eds/bin/gnu/h-i686-mingw32/bin/../lib/gcc/nios2-elf/4.1.2\libgcc.a(_usi_to_df.o)
 .bss           0x0400b260        0x0 c:/altera/11.0/nios2eds/bin/gnu/h-i686-mingw32/bin/../lib/gcc/nios2-elf/4.1.2\libgcc.a(lib2-divmod.o)
 .bss           0x0400b260        0x0 c:/altera/11.0/nios2eds/bin/gnu/h-i686-mingw32/bin/../lib/gcc/nios2-elf/4.1.2\libgcc.a(_clzsi2.o)
 .bss           0x0400b260        0x0 c:/altera/11.0/nios2eds/bin/gnu/h-i686-mingw32/bin/../lib/gcc/nios2-elf/4.1.2\libgcc.a(_pack_df.o)
 .bss           0x0400b260        0x0 c:/altera/11.0/nios2eds/bin/gnu/h-i686-mingw32/bin/../lib/gcc/nios2-elf/4.1.2\libgcc.a(_unpack_df.o)
 .bss           0x0400b260        0x0 c:/altera/11.0/nios2eds/bin/gnu/h-i686-mingw32/bin/../lib/gcc/nios2-elf/4.1.2\libgcc.a(_clz.o)
 .bss           0x0400b260        0x0 ../SOPC_bsp/\libhal_bsp.a(alt_irq_register.o)
 .bss           0x0400b260        0x0 ../SOPC_bsp/\libhal_bsp.a(alt_irq_vars.o)
 .bss           0x0400b260        0x0 ../SOPC_bsp/\libhal_bsp.a(alt_main.o)
 .bss           0x0400b260        0x0 ../SOPC_bsp/\libhal_bsp.a(alt_usleep.o)
 .bss           0x0400b260        0x0 ../SOPC_bsp/\libhal_bsp.a(alt_sys_init.o)
 .bss           0x0400b260        0x0 ../SOPC_bsp/\libhal_bsp.a(altera_avalon_cfi_flash.o)
 .bss           0x0400b260        0x0 ../SOPC_bsp/\libhal_bsp.a(altera_avalon_cfi_flash_table.o)
 .bss           0x0400b260        0x0 ../SOPC_bsp/\libhal_bsp.a(altera_avalon_epcs_flash_controller.o)
 .bss           0x0400b260        0x0 ../SOPC_bsp/\libhal_bsp.a(altera_avalon_jtag_uart_fd.o)
 .bss           0x0400b260        0x0 ../SOPC_bsp/\libhal_bsp.a(altera_avalon_jtag_uart_init.o)
 .bss           0x0400b260        0x0 ../SOPC_bsp/\libhal_bsp.a(altera_avalon_jtag_uart_ioctl.o)
 .bss           0x0400b260        0x0 ../SOPC_bsp/\libhal_bsp.a(altera_avalon_jtag_uart_read.o)
 .bss           0x0400b260        0x0 ../SOPC_bsp/\libhal_bsp.a(altera_avalon_jtag_uart_write.o)
 .bss           0x0400b260        0x0 ../SOPC_bsp/\libhal_bsp.a(altera_avalon_timer_sc.o)
 .bss           0x0400b260        0x0 ../SOPC_bsp/\libhal_bsp.a(altera_avalon_uart_fd.o)
 .bss           0x0400b260        0x0 ../SOPC_bsp/\libhal_bsp.a(altera_avalon_uart_init.o)
 .bss           0x0400b260        0x0 ../SOPC_bsp/\libhal_bsp.a(altera_avalon_uart_read.o)
 .bss           0x0400b260        0x0 ../SOPC_bsp/\libhal_bsp.a(altera_avalon_uart_write.o)
 .bss           0x0400b260        0x0 ../SOPC_bsp/\libhal_bsp.a(epcs_commands.o)
 .bss           0x0400b260        0x0 ../SOPC_bsp/\libhal_bsp.a(alt_alarm_start.o)
 .bss           0x0400b260        0x0 ../SOPC_bsp/\libhal_bsp.a(alt_busy_sleep.o)
 .bss           0x0400b260        0x0 ../SOPC_bsp/\libhal_bsp.a(alt_close.o)
 .bss           0x0400b260        0x0 ../SOPC_bsp/\libhal_bsp.a(alt_dcache_flush.o)
 .bss           0x0400b260        0x0 ../SOPC_bsp/\libhal_bsp.a(alt_dev.o)
 .bss           0x0400b260        0x0 ../SOPC_bsp/\libhal_bsp.a(alt_dev_llist_insert.o)
 .bss           0x0400b260        0x0 ../SOPC_bsp/\libhal_bsp.a(alt_do_ctors.o)
 .bss           0x0400b260        0x0 ../SOPC_bsp/\libhal_bsp.a(alt_do_dtors.o)
 .bss           0x0400b260        0x0 ../SOPC_bsp/\libhal_bsp.a(alt_errno.o)
 .bss           0x0400b260        0x0 ../SOPC_bsp/\libhal_bsp.a(alt_flash_dev.o)
 .bss           0x0400b260        0x0 ../SOPC_bsp/\libhal_bsp.a(alt_iic.o)
 .bss           0x0400b260        0x0 ../SOPC_bsp/\libhal_bsp.a(alt_iic_isr_register.o)
 .bss           0x0400b260        0x0 ../SOPC_bsp/\libhal_bsp.a(alt_io_redirect.o)
 .bss           0x0400b260        0x0 ../SOPC_bsp/\libhal_bsp.a(alt_irq_entry.o)
 .bss           0x0400b260        0x0 ../SOPC_bsp/\libhal_bsp.a(alt_irq_handler.o)
 .bss           0x0400b260        0x0 ../SOPC_bsp/\libhal_bsp.a(alt_open.o)
 .bss           0x0400b260        0x0 ../SOPC_bsp/\libhal_bsp.a(alt_release_fd.o)
 .bss           0x0400b260        0x0 ../SOPC_bsp/\libhal_bsp.a(alt_tick.o)
 .bss           0x0400b260        0x0 ../SOPC_bsp/\libhal_bsp.a(altera_nios2_irq.o)
 .bss           0x0400b260        0x0 ../SOPC_bsp/\libhal_bsp.a(altera_avalon_cfi_flash_amd.o)
 .bss           0x0400b260        0x0 ../SOPC_bsp/\libhal_bsp.a(altera_avalon_cfi_flash_intel.o)
 .bss           0x0400b260        0x0 ../SOPC_bsp/\libhal_bsp.a(altera_avalon_spi.o)
 .bss           0x0400b260        0x0 ../SOPC_bsp/\libhal_bsp.a(alt_exception_entry.o)
 .bss           0x0400b260        0x0 ../SOPC_bsp/\libhal_bsp.a(alt_find_dev.o)
 .bss           0x0400b260        0x0 ../SOPC_bsp/\libhal_bsp.a(alt_find_file.o)
 .bss           0x0400b260        0x0 ../SOPC_bsp/\libhal_bsp.a(alt_get_fd.o)
 .bss           0x0400b260        0x0 c:/altera/11.0/nios2eds/bin/gnu/h-i686-mingw32/bin/../lib/gcc/nios2-elf/4.1.2/../../../../nios2-elf/lib\libc.a(lib_a-atexit.o)
 .bss           0x0400b260        0x0 c:/altera/11.0/nios2eds/bin/gnu/h-i686-mingw32/bin/../lib/gcc/nios2-elf/4.1.2/../../../../nios2-elf/lib\libc.a(lib_a-exit.o)
 .bss           0x0400b260        0x0 c:/altera/11.0/nios2eds/bin/gnu/h-i686-mingw32/bin/../lib/gcc/nios2-elf/4.1.2/../../../../nios2-elf/lib\libc.a(lib_a-impure.o)
 .bss           0x0400b260        0x0 c:/altera/11.0/nios2eds/bin/gnu/h-i686-mingw32/bin/../lib/gcc/nios2-elf/4.1.2/../../../../nios2-elf/lib\libc.a(lib_a-int_errno.o)
 .bss           0x0400b260        0x0 c:/altera/11.0/nios2eds/bin/gnu/h-i686-mingw32/bin/../lib/gcc/nios2-elf/4.1.2/../../../../nios2-elf/lib\libc.a(lib_a-memcmp.o)
 .bss           0x0400b260        0x0 c:/altera/11.0/nios2eds/bin/gnu/h-i686-mingw32/bin/../lib/gcc/nios2-elf/4.1.2/../../../../nios2-elf/lib\libc.a(lib_a-memcpy.o)
 .bss           0x0400b260        0x0 c:/altera/11.0/nios2eds/bin/gnu/h-i686-mingw32/bin/../lib/gcc/nios2-elf/4.1.2/../../../../nios2-elf/lib\libc.a(lib_a-strlen.o)
 .bss           0x0400b260        0x0 c:/altera/11.0/nios2eds/bin/gnu/h-i686-mingw32/bin/../lib/gcc/nios2-elf/4.1.2/../../../../nios2-elf/lib\libc.a(lib_a-__atexit.o)
 .bss           0x0400b260        0x0 c:/altera/11.0/nios2eds/bin/gnu/h-i686-mingw32/bin/../lib/gcc/nios2-elf/4.1.2/../../../../nios2-elf/lib\libc.a(lib_a-__call_atexit.o)
 .bss           0x0400b260        0x0 ../SOPC_bsp/\libhal_bsp.a(alt_exit.o)
 *(COMMON)
 COMMON         0x0400b260      0x100 ../SOPC_bsp/\libhal_bsp.a(alt_irq_handler.o)
                0x0400b260                alt_irq
 COMMON         0x0400b360      0x190 c:/altera/11.0/nios2eds/bin/gnu/h-i686-mingw32/bin/../lib/gcc/nios2-elf/4.1.2/../../../../nios2-elf/lib\libc.a(lib_a-atexit.o)
                0x0400b360                _atexit0
                0x0400b4f0                . = ALIGN (0x4)
                0x0400b4f0                __bss_end = ABSOLUTE (.)

.epcs           0x00000020        0x0
                0x00000020                PROVIDE (_alt_partition_epcs_start, ABSOLUTE (.))
 *(.epcs. epcs.*)
                0x00000020                . = ALIGN (0x4)
                0x00000020                PROVIDE (_alt_partition_epcs_end, ABSOLUTE (.))
                0x00000020                PROVIDE (_alt_partition_epcs_load_addr, LOADADDR (.epcs))

.cfi_flash      0x01000000        0x0
                0x01000000                PROVIDE (_alt_partition_cfi_flash_start, ABSOLUTE (.))
 *(.cfi_flash. cfi_flash.*)
                0x01000000                . = ALIGN (0x4)
                0x01000000                PROVIDE (_alt_partition_cfi_flash_end, ABSOLUTE (.))
                0x01000000                PROVIDE (_alt_partition_cfi_flash_load_addr, LOADADDR (.cfi_flash))

.sdram          0x0400b4f0        0x0
                0x0400b4f0                PROVIDE (_alt_partition_sdram_start, ABSOLUTE (.))
 *(.sdram. sdram.*)
                0x0400b4f0                . = ALIGN (0x4)
                0x0400b4f0                PROVIDE (_alt_partition_sdram_end, ABSOLUTE (.))
                0x0400b4f0                _end = ABSOLUTE (.)
                0x0400b4f0                end = ABSOLUTE (.)
                0x0400b4f0                __alt_stack_base = ABSOLUTE (.)
                0x0400b4f0                PROVIDE (_alt_partition_sdram_load_addr, LOADADDR (.sdram))

.stab
 *(.stab)

.stabstr
 *(.stabstr)

.stab.excl
 *(.stab.excl)

.stab.exclstr
 *(.stab.exclstr)

.stab.index
 *(.stab.index)

.stab.indexstr
 *(.stab.indexstr)

.comment        0x00000000       0x23
 *(.comment)
 .comment       0x00000000       0x23 obj/hello_world.o
                                 0x24 (size before relaxing)
 .comment       0x00000000       0x24 obj/oled.o
 .comment       0x00000000       0x24 c:/altera/11.0/nios2eds/bin/gnu/h-i686-mingw32/bin/../lib/gcc/nios2-elf/4.1.2\libgcc.a(_addsub_df.o)
 .comment       0x00000000       0x24 c:/altera/11.0/nios2eds/bin/gnu/h-i686-mingw32/bin/../lib/gcc/nios2-elf/4.1.2\libgcc.a(_df_to_si.o)
 .comment       0x00000000       0x24 c:/altera/11.0/nios2eds/bin/gnu/h-i686-mingw32/bin/../lib/gcc/nios2-elf/4.1.2\libgcc.a(_thenan_df.o)
 .comment       0x00000000       0x24 c:/altera/11.0/nios2eds/bin/gnu/h-i686-mingw32/bin/../lib/gcc/nios2-elf/4.1.2\libgcc.a(_usi_to_df.o)
 .comment       0x00000000       0x24 c:/altera/11.0/nios2eds/bin/gnu/h-i686-mingw32/bin/../lib/gcc/nios2-elf/4.1.2\libgcc.a(lib2-divmod.o)
 .comment       0x00000000       0x24 c:/altera/11.0/nios2eds/bin/gnu/h-i686-mingw32/bin/../lib/gcc/nios2-elf/4.1.2\libgcc.a(_clzsi2.o)
 .comment       0x00000000       0x24 c:/altera/11.0/nios2eds/bin/gnu/h-i686-mingw32/bin/../lib/gcc/nios2-elf/4.1.2\libgcc.a(_pack_df.o)
 .comment       0x00000000       0x24 c:/altera/11.0/nios2eds/bin/gnu/h-i686-mingw32/bin/../lib/gcc/nios2-elf/4.1.2\libgcc.a(_unpack_df.o)
 .comment       0x00000000       0x24 c:/altera/11.0/nios2eds/bin/gnu/h-i686-mingw32/bin/../lib/gcc/nios2-elf/4.1.2\libgcc.a(_clz.o)
 .comment       0x00000000       0x24 ../SOPC_bsp/\libhal_bsp.a(alt_irq_register.o)
 .comment       0x00000000       0x24 ../SOPC_bsp/\libhal_bsp.a(alt_irq_vars.o)
 .comment       0x00000000       0x24 ../SOPC_bsp/\libhal_bsp.a(alt_main.o)
 .comment       0x00000000       0x24 ../SOPC_bsp/\libhal_bsp.a(alt_usleep.o)
 .comment       0x00000000       0x24 ../SOPC_bsp/\libhal_bsp.a(alt_sys_init.o)
 .comment       0x00000000       0x24 ../SOPC_bsp/\libhal_bsp.a(altera_avalon_cfi_flash.o)
 .comment       0x00000000       0x24 ../SOPC_bsp/\libhal_bsp.a(altera_avalon_cfi_flash_table.o)
 .comment       0x00000000       0x24 ../SOPC_bsp/\libhal_bsp.a(altera_avalon_epcs_flash_controller.o)
 .comment       0x00000000       0x24 ../SOPC_bsp/\libhal_bsp.a(altera_avalon_jtag_uart_fd.o)
 .comment       0x00000000       0x24 ../SOPC_bsp/\libhal_bsp.a(altera_avalon_jtag_uart_init.o)
 .comment       0x00000000       0x24 ../SOPC_bsp/\libhal_bsp.a(altera_avalon_jtag_uart_ioctl.o)
 .comment       0x00000000       0x24 ../SOPC_bsp/\libhal_bsp.a(altera_avalon_jtag_uart_read.o)
 .comment       0x00000000       0x24 ../SOPC_bsp/\libhal_bsp.a(altera_avalon_jtag_uart_write.o)
 .comment       0x00000000       0x24 ../SOPC_bsp/\libhal_bsp.a(altera_avalon_timer_sc.o)
 .comment       0x00000000       0x24 ../SOPC_bsp/\libhal_bsp.a(altera_avalon_uart_fd.o)
 .comment       0x00000000       0x24 ../SOPC_bsp/\libhal_bsp.a(altera_avalon_uart_init.o)
 .comment       0x00000000       0x24 ../SOPC_bsp/\libhal_bsp.a(altera_avalon_uart_read.o)
 .comment       0x00000000       0x24 ../SOPC_bsp/\libhal_bsp.a(altera_avalon_uart_write.o)
 .comment       0x00000000       0x24 ../SOPC_bsp/\libhal_bsp.a(epcs_commands.o)
 .comment       0x00000000       0x24 ../SOPC_bsp/\libhal_bsp.a(alt_alarm_start.o)
 .comment       0x00000000       0x24 ../SOPC_bsp/\libhal_bsp.a(alt_busy_sleep.o)
 .comment       0x00000000       0x24 ../SOPC_bsp/\libhal_bsp.a(alt_close.o)
 .comment       0x00000000       0x24 ../SOPC_bsp/\libhal_bsp.a(alt_dcache_flush.o)
 .comment       0x00000000       0x24 ../SOPC_bsp/\libhal_bsp.a(alt_dev.o)
 .comment       0x00000000       0x24 ../SOPC_bsp/\libhal_bsp.a(alt_dev_llist_insert.o)
 .comment       0x00000000       0x24 ../SOPC_bsp/\libhal_bsp.a(alt_do_ctors.o)
 .comment       0x00000000       0x24 ../SOPC_bsp/\libhal_bsp.a(alt_do_dtors.o)
 .comment       0x00000000       0x24 ../SOPC_bsp/\libhal_bsp.a(alt_errno.o)
 .comment       0x00000000       0x24 ../SOPC_bsp/\libhal_bsp.a(alt_flash_dev.o)
 .comment       0x00000000       0x24 ../SOPC_bsp/\libhal_bsp.a(alt_iic.o)
 .comment       0x00000000       0x24 ../SOPC_bsp/\libhal_bsp.a(alt_iic_isr_register.o)
 .comment       0x00000000       0x24 ../SOPC_bsp/\libhal_bsp.a(alt_io_redirect.o)
 .comment       0x00000000       0x24 ../SOPC_bsp/\libhal_bsp.a(alt_irq_handler.o)
 .comment       0x00000000       0x24 ../SOPC_bsp/\libhal_bsp.a(alt_open.o)
 .comment       0x00000000       0x24 ../SOPC_bsp/\libhal_bsp.a(alt_release_fd.o)
 .comment       0x00000000       0x24 ../SOPC_bsp/\libhal_bsp.a(alt_tick.o)
 .comment       0x00000000       0x24 ../SOPC_bsp/\libhal_bsp.a(altera_nios2_irq.o)
 .comment       0x00000000       0x24 ../SOPC_bsp/\libhal_bsp.a(altera_avalon_cfi_flash_amd.o)
 .comment       0x00000000       0x24 ../SOPC_bsp/\libhal_bsp.a(altera_avalon_cfi_flash_intel.o)
 .comment       0x00000000       0x24 ../SOPC_bsp/\libhal_bsp.a(altera_avalon_spi.o)
 .comment       0x00000000       0x24 ../SOPC_bsp/\libhal_bsp.a(alt_find_dev.o)
 .comment       0x00000000       0x24 ../SOPC_bsp/\libhal_bsp.a(alt_find_file.o)
 .comment       0x00000000       0x24 ../SOPC_bsp/\libhal_bsp.a(alt_get_fd.o)
 .comment       0x00000000       0x24 c:/altera/11.0/nios2eds/bin/gnu/h-i686-mingw32/bin/../lib/gcc/nios2-elf/4.1.2/../../../../nios2-elf/lib\libc.a(lib_a-atexit.o)
 .comment       0x00000000       0x24 c:/altera/11.0/nios2eds/bin/gnu/h-i686-mingw32/bin/../lib/gcc/nios2-elf/4.1.2/../../../../nios2-elf/lib\libc.a(lib_a-exit.o)
 .comment       0x00000000       0x24 c:/altera/11.0/nios2eds/bin/gnu/h-i686-mingw32/bin/../lib/gcc/nios2-elf/4.1.2/../../../../nios2-elf/lib\libc.a(lib_a-impure.o)
 .comment       0x00000000       0x24 c:/altera/11.0/nios2eds/bin/gnu/h-i686-mingw32/bin/../lib/gcc/nios2-elf/4.1.2/../../../../nios2-elf/lib\libc.a(lib_a-int_errno.o)
 .comment       0x00000000       0x24 c:/altera/11.0/nios2eds/bin/gnu/h-i686-mingw32/bin/../lib/gcc/nios2-elf/4.1.2/../../../../nios2-elf/lib\libc.a(lib_a-memcmp.o)
 .comment       0x00000000       0x24 c:/altera/11.0/nios2eds/bin/gnu/h-i686-mingw32/bin/../lib/gcc/nios2-elf/4.1.2/../../../../nios2-elf/lib\libc.a(lib_a-memcpy.o)
 .comment       0x00000000       0x24 c:/altera/11.0/nios2eds/bin/gnu/h-i686-mingw32/bin/../lib/gcc/nios2-elf/4.1.2/../../../../nios2-elf/lib\libc.a(lib_a-strlen.o)
 .comment       0x00000000       0x24 c:/altera/11.0/nios2eds/bin/gnu/h-i686-mingw32/bin/../lib/gcc/nios2-elf/4.1.2/../../../../nios2-elf/lib\libc.a(lib_a-__atexit.o)
 .comment       0x00000000       0x24 c:/altera/11.0/nios2eds/bin/gnu/h-i686-mingw32/bin/../lib/gcc/nios2-elf/4.1.2/../../../../nios2-elf/lib\libc.a(lib_a-__call_atexit.o)
 .comment       0x00000000       0x24 ../SOPC_bsp/\libhal_bsp.a(alt_exit.o)

.debug
 *(.debug)

.line
 *(.line)

.debug_srcinfo
 *(.debug_srcinfo)

.debug_sfnames
 *(.debug_sfnames)

.debug_aranges  0x00000000      0x7d0
 *(.debug_aranges)
 .debug_aranges
                0x00000000       0x20 ../SOPC_bsp//obj/HAL/src/crt0.o
 .debug_aranges
                0x00000020       0x20 obj/hello_world.o
 .debug_aranges
                0x00000040       0x20 obj/oled.o
 .debug_aranges
                0x00000060       0x20 c:/altera/11.0/nios2eds/bin/gnu/h-i686-mingw32/bin/../lib/gcc/nios2-elf/4.1.2\libgcc.a(_addsub_df.o)
 .debug_aranges
                0x00000080       0x20 c:/altera/11.0/nios2eds/bin/gnu/h-i686-mingw32/bin/../lib/gcc/nios2-elf/4.1.2\libgcc.a(_df_to_si.o)
 .debug_aranges
                0x000000a0       0x20 c:/altera/11.0/nios2eds/bin/gnu/h-i686-mingw32/bin/../lib/gcc/nios2-elf/4.1.2\libgcc.a(_usi_to_df.o)
 .debug_aranges
                0x000000c0       0x20 c:/altera/11.0/nios2eds/bin/gnu/h-i686-mingw32/bin/../lib/gcc/nios2-elf/4.1.2\libgcc.a(lib2-divmod.o)
 .debug_aranges
                0x000000e0       0x20 c:/altera/11.0/nios2eds/bin/gnu/h-i686-mingw32/bin/../lib/gcc/nios2-elf/4.1.2\libgcc.a(_clzsi2.o)
 .debug_aranges
                0x00000100       0x20 c:/altera/11.0/nios2eds/bin/gnu/h-i686-mingw32/bin/../lib/gcc/nios2-elf/4.1.2\libgcc.a(_pack_df.o)
 .debug_aranges
                0x00000120       0x20 c:/altera/11.0/nios2eds/bin/gnu/h-i686-mingw32/bin/../lib/gcc/nios2-elf/4.1.2\libgcc.a(_unpack_df.o)
 .debug_aranges
                0x00000140       0x20 ../SOPC_bsp/\libhal_bsp.a(alt_irq_register.o)
 .debug_aranges
                0x00000160       0x20 ../SOPC_bsp/\libhal_bsp.a(alt_main.o)
 .debug_aranges
                0x00000180       0x20 ../SOPC_bsp/\libhal_bsp.a(alt_usleep.o)
 .debug_aranges
                0x000001a0       0x20 ../SOPC_bsp/\libhal_bsp.a(alt_sys_init.o)
 .debug_aranges
                0x000001c0       0x20 ../SOPC_bsp/\libhal_bsp.a(altera_avalon_cfi_flash.o)
 .debug_aranges
                0x000001e0       0x20 ../SOPC_bsp/\libhal_bsp.a(altera_avalon_cfi_flash_table.o)
 .debug_aranges
                0x00000200       0x20 ../SOPC_bsp/\libhal_bsp.a(altera_avalon_epcs_flash_controller.o)
 .debug_aranges
                0x00000220       0x20 ../SOPC_bsp/\libhal_bsp.a(altera_avalon_jtag_uart_fd.o)
 .debug_aranges
                0x00000240       0x20 ../SOPC_bsp/\libhal_bsp.a(altera_avalon_jtag_uart_init.o)
 .debug_aranges
                0x00000260       0x20 ../SOPC_bsp/\libhal_bsp.a(altera_avalon_jtag_uart_ioctl.o)
 .debug_aranges
                0x00000280       0x20 ../SOPC_bsp/\libhal_bsp.a(altera_avalon_jtag_uart_read.o)
 .debug_aranges
                0x000002a0       0x20 ../SOPC_bsp/\libhal_bsp.a(altera_avalon_jtag_uart_write.o)
 .debug_aranges
                0x000002c0       0x20 ../SOPC_bsp/\libhal_bsp.a(altera_avalon_timer_sc.o)
 .debug_aranges
                0x000002e0       0x20 ../SOPC_bsp/\libhal_bsp.a(altera_avalon_uart_fd.o)
 .debug_aranges
                0x00000300       0x20 ../SOPC_bsp/\libhal_bsp.a(altera_avalon_uart_init.o)
 .debug_aranges
                0x00000320       0x20 ../SOPC_bsp/\libhal_bsp.a(altera_avalon_uart_read.o)
 .debug_aranges
                0x00000340       0x20 ../SOPC_bsp/\libhal_bsp.a(altera_avalon_uart_write.o)
 .debug_aranges
                0x00000360       0x20 ../SOPC_bsp/\libhal_bsp.a(epcs_commands.o)
 .debug_aranges
                0x00000380       0x20 ../SOPC_bsp/\libhal_bsp.a(alt_alarm_start.o)
 .debug_aranges
                0x000003a0       0x20 ../SOPC_bsp/\libhal_bsp.a(alt_busy_sleep.o)
 .debug_aranges
                0x000003c0       0x20 ../SOPC_bsp/\libhal_bsp.a(alt_close.o)
 .debug_aranges
                0x000003e0       0x20 ../SOPC_bsp/\libhal_bsp.a(alt_dcache_flush.o)
 .debug_aranges
                0x00000400       0x20 ../SOPC_bsp/\libhal_bsp.a(alt_dev.o)
 .debug_aranges
                0x00000420       0x20 ../SOPC_bsp/\libhal_bsp.a(alt_dev_llist_insert.o)
 .debug_aranges
                0x00000440       0x20 ../SOPC_bsp/\libhal_bsp.a(alt_do_ctors.o)
 .debug_aranges
                0x00000460       0x20 ../SOPC_bsp/\libhal_bsp.a(alt_do_dtors.o)
 .debug_aranges
                0x00000480       0x20 ../SOPC_bsp/\libhal_bsp.a(alt_flash_dev.o)
 .debug_aranges
                0x000004a0       0x20 ../SOPC_bsp/\libhal_bsp.a(alt_iic.o)
 .debug_aranges
                0x000004c0       0x20 ../SOPC_bsp/\libhal_bsp.a(alt_iic_isr_register.o)
 .debug_aranges
                0x000004e0       0x20 ../SOPC_bsp/\libhal_bsp.a(alt_io_redirect.o)
 .debug_aranges
                0x00000500       0x30 ../SOPC_bsp/\libhal_bsp.a(alt_irq_entry.o)
 .debug_aranges
                0x00000530       0x28 ../SOPC_bsp/\libhal_bsp.a(alt_irq_handler.o)
 .debug_aranges
                0x00000558       0x20 ../SOPC_bsp/\libhal_bsp.a(alt_open.o)
 .debug_aranges
                0x00000578       0x20 ../SOPC_bsp/\libhal_bsp.a(alt_release_fd.o)
 .debug_aranges
                0x00000598       0x20 ../SOPC_bsp/\libhal_bsp.a(alt_tick.o)
 .debug_aranges
                0x000005b8       0x20 ../SOPC_bsp/\libhal_bsp.a(altera_nios2_irq.o)
 .debug_aranges
                0x000005d8       0x20 ../SOPC_bsp/\libhal_bsp.a(altera_avalon_cfi_flash_amd.o)
 .debug_aranges
                0x000005f8       0x20 ../SOPC_bsp/\libhal_bsp.a(altera_avalon_cfi_flash_intel.o)
 .debug_aranges
                0x00000618       0x20 ../SOPC_bsp/\libhal_bsp.a(altera_avalon_spi.o)
 .debug_aranges
                0x00000638       0x38 ../SOPC_bsp/\libhal_bsp.a(alt_exception_entry.o)
 .debug_aranges
                0x00000670       0x20 ../SOPC_bsp/\libhal_bsp.a(alt_find_dev.o)
 .debug_aranges
                0x00000690       0x20 ../SOPC_bsp/\libhal_bsp.a(alt_find_file.o)
 .debug_aranges
                0x000006b0       0x20 ../SOPC_bsp/\libhal_bsp.a(alt_get_fd.o)
 .debug_aranges
                0x000006d0       0x20 c:/altera/11.0/nios2eds/bin/gnu/h-i686-mingw32/bin/../lib/gcc/nios2-elf/4.1.2/../../../../nios2-elf/lib\libc.a(lib_a-atexit.o)
 .debug_aranges
                0x000006f0       0x20 c:/altera/11.0/nios2eds/bin/gnu/h-i686-mingw32/bin/../lib/gcc/nios2-elf/4.1.2/../../../../nios2-elf/lib\libc.a(lib_a-exit.o)
 .debug_aranges
                0x00000710       0x20 c:/altera/11.0/nios2eds/bin/gnu/h-i686-mingw32/bin/../lib/gcc/nios2-elf/4.1.2/../../../../nios2-elf/lib\libc.a(lib_a-memcmp.o)
 .debug_aranges
                0x00000730       0x20 c:/altera/11.0/nios2eds/bin/gnu/h-i686-mingw32/bin/../lib/gcc/nios2-elf/4.1.2/../../../../nios2-elf/lib\libc.a(lib_a-memcpy.o)
 .debug_aranges
                0x00000750       0x20 c:/altera/11.0/nios2eds/bin/gnu/h-i686-mingw32/bin/../lib/gcc/nios2-elf/4.1.2/../../../../nios2-elf/lib\libc.a(lib_a-strlen.o)
 .debug_aranges
                0x00000770       0x20 c:/altera/11.0/nios2eds/bin/gnu/h-i686-mingw32/bin/../lib/gcc/nios2-elf/4.1.2/../../../../nios2-elf/lib\libc.a(lib_a-__atexit.o)
 .debug_aranges
                0x00000790       0x20 c:/altera/11.0/nios2eds/bin/gnu/h-i686-mingw32/bin/../lib/gcc/nios2-elf/4.1.2/../../../../nios2-elf/lib\libc.a(lib_a-__call_atexit.o)
 .debug_aranges
                0x000007b0       0x20 ../SOPC_bsp/\libhal_bsp.a(alt_exit.o)

.debug_pubnames
                0x00000000     0x13da
 *(.debug_pubnames)
 .debug_pubnames
                0x00000000       0x81 obj/hello_world.o
 .debug_pubnames
                0x00000081      0x362 obj/oled.o
 .debug_pubnames
                0x000003e3       0x2c c:/altera/11.0/nios2eds/bin/gnu/h-i686-mingw32/bin/../lib/gcc/nios2-elf/4.1.2\libgcc.a(_addsub_df.o)
 .debug_pubnames
                0x0000040f       0x20 c:/altera/11.0/nios2eds/bin/gnu/h-i686-mingw32/bin/../lib/gcc/nios2-elf/4.1.2\libgcc.a(_df_to_si.o)
 .debug_pubnames
                0x0000042f       0x22 c:/altera/11.0/nios2eds/bin/gnu/h-i686-mingw32/bin/../lib/gcc/nios2-elf/4.1.2\libgcc.a(_thenan_df.o)
 .debug_pubnames
                0x00000451       0x24 c:/altera/11.0/nios2eds/bin/gnu/h-i686-mingw32/bin/../lib/gcc/nios2-elf/4.1.2\libgcc.a(_usi_to_df.o)
 .debug_pubnames
                0x00000475       0x48 c:/altera/11.0/nios2eds/bin/gnu/h-i686-mingw32/bin/../lib/gcc/nios2-elf/4.1.2\libgcc.a(lib2-divmod.o)
 .debug_pubnames
                0x000004bd       0x1f c:/altera/11.0/nios2eds/bin/gnu/h-i686-mingw32/bin/../lib/gcc/nios2-elf/4.1.2\libgcc.a(_clzsi2.o)
 .debug_pubnames
                0x000004dc       0x1f c:/altera/11.0/nios2eds/bin/gnu/h-i686-mingw32/bin/../lib/gcc/nios2-elf/4.1.2\libgcc.a(_pack_df.o)
 .debug_pubnames
                0x000004fb       0x21 c:/altera/11.0/nios2eds/bin/gnu/h-i686-mingw32/bin/../lib/gcc/nios2-elf/4.1.2\libgcc.a(_unpack_df.o)
 .debug_pubnames
                0x0000051c       0x20 c:/altera/11.0/nios2eds/bin/gnu/h-i686-mingw32/bin/../lib/gcc/nios2-elf/4.1.2\libgcc.a(_clz.o)
 .debug_pubnames
                0x0000053c       0x27 ../SOPC_bsp/\libhal_bsp.a(alt_irq_register.o)
 .debug_pubnames
                0x00000563       0x3b ../SOPC_bsp/\libhal_bsp.a(alt_irq_vars.o)
 .debug_pubnames
                0x0000059e       0x46 ../SOPC_bsp/\libhal_bsp.a(alt_main.o)
 .debug_pubnames
                0x000005e4       0x1d ../SOPC_bsp/\libhal_bsp.a(alt_usleep.o)
 .debug_pubnames
                0x00000601       0x34 ../SOPC_bsp/\libhal_bsp.a(alt_sys_init.o)
 .debug_pubnames
                0x00000635       0xac ../SOPC_bsp/\libhal_bsp.a(altera_avalon_cfi_flash.o)
 .debug_pubnames
                0x000006e1      0x27a ../SOPC_bsp/\libhal_bsp.a(altera_avalon_cfi_flash_table.o)
 .debug_pubnames
                0x0000095b       0xb5 ../SOPC_bsp/\libhal_bsp.a(altera_avalon_epcs_flash_controller.o)
 .debug_pubnames
                0x00000a10       0xa5 ../SOPC_bsp/\libhal_bsp.a(altera_avalon_jtag_uart_fd.o)
 .debug_pubnames
                0x00000ab5       0x55 ../SOPC_bsp/\libhal_bsp.a(altera_avalon_jtag_uart_init.o)
 .debug_pubnames
                0x00000b0a       0x34 ../SOPC_bsp/\libhal_bsp.a(altera_avalon_jtag_uart_ioctl.o)
 .debug_pubnames
                0x00000b3e       0x33 ../SOPC_bsp/\libhal_bsp.a(altera_avalon_jtag_uart_read.o)
 .debug_pubnames
                0x00000b71       0x34 ../SOPC_bsp/\libhal_bsp.a(altera_avalon_jtag_uart_write.o)
 .debug_pubnames
                0x00000ba5       0x2f ../SOPC_bsp/\libhal_bsp.a(altera_avalon_timer_sc.o)
 .debug_pubnames
                0x00000bd4       0x71 ../SOPC_bsp/\libhal_bsp.a(altera_avalon_uart_fd.o)
 .debug_pubnames
                0x00000c45       0x4b ../SOPC_bsp/\libhal_bsp.a(altera_avalon_uart_init.o)
 .debug_pubnames
                0x00000c90       0x2e ../SOPC_bsp/\libhal_bsp.a(altera_avalon_uart_read.o)
 .debug_pubnames
                0x00000cbe       0x2f ../SOPC_bsp/\libhal_bsp.a(altera_avalon_uart_write.o)
 .debug_pubnames
                0x00000ced       0xe1 ../SOPC_bsp/\libhal_bsp.a(epcs_commands.o)
 .debug_pubnames
                0x00000dce       0x26 ../SOPC_bsp/\libhal_bsp.a(alt_alarm_start.o)
 .debug_pubnames
                0x00000df4       0x25 ../SOPC_bsp/\libhal_bsp.a(alt_busy_sleep.o)
 .debug_pubnames
                0x00000e19       0x1c ../SOPC_bsp/\libhal_bsp.a(alt_close.o)
 .debug_pubnames
                0x00000e35       0x27 ../SOPC_bsp/\libhal_bsp.a(alt_dcache_flush.o)
 .debug_pubnames
                0x00000e5c       0x63 ../SOPC_bsp/\libhal_bsp.a(alt_dev.o)
 .debug_pubnames
                0x00000ebf       0x2b ../SOPC_bsp/\libhal_bsp.a(alt_dev_llist_insert.o)
 .debug_pubnames
                0x00000eea       0x20 ../SOPC_bsp/\libhal_bsp.a(alt_do_ctors.o)
 .debug_pubnames
                0x00000f0a       0x20 ../SOPC_bsp/\libhal_bsp.a(alt_do_dtors.o)
 .debug_pubnames
                0x00000f2a       0x20 ../SOPC_bsp/\libhal_bsp.a(alt_errno.o)
 .debug_pubnames
                0x00000f4a       0x58 ../SOPC_bsp/\libhal_bsp.a(alt_flash_dev.o)
 .debug_pubnames
                0x00000fa2       0x6e ../SOPC_bsp/\libhal_bsp.a(alt_iic.o)
 .debug_pubnames
                0x00001010       0x2b ../SOPC_bsp/\libhal_bsp.a(alt_iic_isr_register.o)
 .debug_pubnames
                0x0000103b       0x26 ../SOPC_bsp/\libhal_bsp.a(alt_io_redirect.o)
 .debug_pubnames
                0x00001061       0x32 ../SOPC_bsp/\libhal_bsp.a(alt_irq_handler.o)
 .debug_pubnames
                0x00001093       0x1b ../SOPC_bsp/\libhal_bsp.a(alt_open.o)
 .debug_pubnames
                0x000010ae       0x25 ../SOPC_bsp/\libhal_bsp.a(alt_release_fd.o)
 .debug_pubnames
                0x000010d3       0x68 ../SOPC_bsp/\libhal_bsp.a(alt_tick.o)
 .debug_pubnames
                0x0000113b       0x2c ../SOPC_bsp/\libhal_bsp.a(altera_nios2_irq.o)
 .debug_pubnames
                0x00001167       0x3e ../SOPC_bsp/\libhal_bsp.a(altera_avalon_cfi_flash_amd.o)
 .debug_pubnames
                0x000011a5       0x42 ../SOPC_bsp/\libhal_bsp.a(altera_avalon_cfi_flash_intel.o)
 .debug_pubnames
                0x000011e7       0x2d ../SOPC_bsp/\libhal_bsp.a(altera_avalon_spi.o)
 .debug_pubnames
                0x00001214       0x23 ../SOPC_bsp/\libhal_bsp.a(alt_find_dev.o)
 .debug_pubnames
                0x00001237       0x24 ../SOPC_bsp/\libhal_bsp.a(alt_find_file.o)
 .debug_pubnames
                0x0000125b       0x21 ../SOPC_bsp/\libhal_bsp.a(alt_get_fd.o)
 .debug_pubnames
                0x0000127c       0x2a c:/altera/11.0/nios2eds/bin/gnu/h-i686-mingw32/bin/../lib/gcc/nios2-elf/4.1.2/../../../../nios2-elf/lib\libc.a(lib_a-atexit.o)
 .debug_pubnames
                0x000012a6       0x1b c:/altera/11.0/nios2eds/bin/gnu/h-i686-mingw32/bin/../lib/gcc/nios2-elf/4.1.2/../../../../nios2-elf/lib\libc.a(lib_a-exit.o)
 .debug_pubnames
                0x000012c1       0x39 c:/altera/11.0/nios2eds/bin/gnu/h-i686-mingw32/bin/../lib/gcc/nios2-elf/4.1.2/../../../../nios2-elf/lib\libc.a(lib_a-impure.o)
 .debug_pubnames
                0x000012fa       0x1c c:/altera/11.0/nios2eds/bin/gnu/h-i686-mingw32/bin/../lib/gcc/nios2-elf/4.1.2/../../../../nios2-elf/lib\libc.a(lib_a-int_errno.o)
 .debug_pubnames
                0x00001316       0x1d c:/altera/11.0/nios2eds/bin/gnu/h-i686-mingw32/bin/../lib/gcc/nios2-elf/4.1.2/../../../../nios2-elf/lib\libc.a(lib_a-memcmp.o)
 .debug_pubnames
                0x00001333       0x1d c:/altera/11.0/nios2eds/bin/gnu/h-i686-mingw32/bin/../lib/gcc/nios2-elf/4.1.2/../../../../nios2-elf/lib\libc.a(lib_a-memcpy.o)
 .debug_pubnames
                0x00001350       0x1d c:/altera/11.0/nios2eds/bin/gnu/h-i686-mingw32/bin/../lib/gcc/nios2-elf/4.1.2/../../../../nios2-elf/lib\libc.a(lib_a-strlen.o)
 .debug_pubnames
                0x0000136d       0x2a c:/altera/11.0/nios2eds/bin/gnu/h-i686-mingw32/bin/../lib/gcc/nios2-elf/4.1.2/../../../../nios2-elf/lib\libc.a(lib_a-__atexit.o)
 .debug_pubnames
                0x00001397       0x27 c:/altera/11.0/nios2eds/bin/gnu/h-i686-mingw32/bin/../lib/gcc/nios2-elf/4.1.2/../../../../nios2-elf/lib\libc.a(lib_a-__call_atexit.o)
 .debug_pubnames
                0x000013be       0x1c ../SOPC_bsp/\libhal_bsp.a(alt_exit.o)

.debug_info     0x00000000    0x1201b
 *(.debug_info .gnu.linkonce.wi.*)
 .debug_info    0x00000000       0x5f ../SOPC_bsp//obj/HAL/src/crt0.o
 .debug_info    0x0000005f      0x268 obj/hello_world.o
 .debug_info    0x000002c7      0xce5 obj/oled.o
 .debug_info    0x00000fac      0x493 c:/altera/11.0/nios2eds/bin/gnu/h-i686-mingw32/bin/../lib/gcc/nios2-elf/4.1.2\libgcc.a(_addsub_df.o)
 .debug_info    0x0000143f      0x2cd c:/altera/11.0/nios2eds/bin/gnu/h-i686-mingw32/bin/../lib/gcc/nios2-elf/4.1.2\libgcc.a(_df_to_si.o)
 .debug_info    0x0000170c      0x164 c:/altera/11.0/nios2eds/bin/gnu/h-i686-mingw32/bin/../lib/gcc/nios2-elf/4.1.2\libgcc.a(_thenan_df.o)
 .debug_info    0x00001870      0x213 c:/altera/11.0/nios2eds/bin/gnu/h-i686-mingw32/bin/../lib/gcc/nios2-elf/4.1.2\libgcc.a(_usi_to_df.o)
 .debug_info    0x00001a83      0x21c c:/altera/11.0/nios2eds/bin/gnu/h-i686-mingw32/bin/../lib/gcc/nios2-elf/4.1.2\libgcc.a(lib2-divmod.o)
 .debug_info    0x00001c9f      0x130 c:/altera/11.0/nios2eds/bin/gnu/h-i686-mingw32/bin/../lib/gcc/nios2-elf/4.1.2\libgcc.a(_clzsi2.o)
 .debug_info    0x00001dcf      0x2fc c:/altera/11.0/nios2eds/bin/gnu/h-i686-mingw32/bin/../lib/gcc/nios2-elf/4.1.2\libgcc.a(_pack_df.o)
 .debug_info    0x000020cb      0x268 c:/altera/11.0/nios2eds/bin/gnu/h-i686-mingw32/bin/../lib/gcc/nios2-elf/4.1.2\libgcc.a(_unpack_df.o)
 .debug_info    0x00002333       0xc9 c:/altera/11.0/nios2eds/bin/gnu/h-i686-mingw32/bin/../lib/gcc/nios2-elf/4.1.2\libgcc.a(_clz.o)
 .debug_info    0x000023fc      0x40a ../SOPC_bsp/\libhal_bsp.a(alt_irq_register.o)
 .debug_info    0x00002806      0x147 ../SOPC_bsp/\libhal_bsp.a(alt_irq_vars.o)
 .debug_info    0x0000294d      0x205 ../SOPC_bsp/\libhal_bsp.a(alt_main.o)
 .debug_info    0x00002b52      0x13d ../SOPC_bsp/\libhal_bsp.a(alt_usleep.o)
 .debug_info    0x00002c8f      0xdfc ../SOPC_bsp/\libhal_bsp.a(alt_sys_init.o)
 .debug_info    0x00003a8b      0xb1e ../SOPC_bsp/\libhal_bsp.a(altera_avalon_cfi_flash.o)
 .debug_info    0x000045a9      0xe0a ../SOPC_bsp/\libhal_bsp.a(altera_avalon_cfi_flash_table.o)
 .debug_info    0x000053b3      0xb59 ../SOPC_bsp/\libhal_bsp.a(altera_avalon_epcs_flash_controller.o)
 .debug_info    0x00005f0c      0x7b9 ../SOPC_bsp/\libhal_bsp.a(altera_avalon_jtag_uart_fd.o)
 .debug_info    0x000066c5      0x5e1 ../SOPC_bsp/\libhal_bsp.a(altera_avalon_jtag_uart_init.o)
 .debug_info    0x00006ca6      0x423 ../SOPC_bsp/\libhal_bsp.a(altera_avalon_jtag_uart_ioctl.o)
 .debug_info    0x000070c9      0x526 ../SOPC_bsp/\libhal_bsp.a(altera_avalon_jtag_uart_read.o)
 .debug_info    0x000075ef      0x51e ../SOPC_bsp/\libhal_bsp.a(altera_avalon_jtag_uart_write.o)
 .debug_info    0x00007b0d      0x36b ../SOPC_bsp/\libhal_bsp.a(altera_avalon_timer_sc.o)
 .debug_info    0x00007e78      0x61c ../SOPC_bsp/\libhal_bsp.a(altera_avalon_uart_fd.o)
 .debug_info    0x00008494      0x4ee ../SOPC_bsp/\libhal_bsp.a(altera_avalon_uart_init.o)
 .debug_info    0x00008982      0x4a2 ../SOPC_bsp/\libhal_bsp.a(altera_avalon_uart_read.o)
 .debug_info    0x00008e24      0x4a0 ../SOPC_bsp/\libhal_bsp.a(altera_avalon_uart_write.o)
 .debug_info    0x000092c4      0x4fd ../SOPC_bsp/\libhal_bsp.a(epcs_commands.o)
 .debug_info    0x000097c1      0x422 ../SOPC_bsp/\libhal_bsp.a(alt_alarm_start.o)
 .debug_info    0x00009be3      0x18b ../SOPC_bsp/\libhal_bsp.a(alt_busy_sleep.o)
 .debug_info    0x00009d6e      0x447 ../SOPC_bsp/\libhal_bsp.a(alt_close.o)
 .debug_info    0x0000a1b5      0x184 ../SOPC_bsp/\libhal_bsp.a(alt_dcache_flush.o)
 .debug_info    0x0000a339      0x65f ../SOPC_bsp/\libhal_bsp.a(alt_dev.o)
 .debug_info    0x0000a998      0x28c ../SOPC_bsp/\libhal_bsp.a(alt_dev_llist_insert.o)
 .debug_info    0x0000ac24       0xe4 ../SOPC_bsp/\libhal_bsp.a(alt_do_ctors.o)
 .debug_info    0x0000ad08       0xe3 ../SOPC_bsp/\libhal_bsp.a(alt_do_dtors.o)
 .debug_info    0x0000adeb      0x139 ../SOPC_bsp/\libhal_bsp.a(alt_errno.o)
 .debug_info    0x0000af24      0x579 ../SOPC_bsp/\libhal_bsp.a(alt_flash_dev.o)
 .debug_info    0x0000b49d      0x473 ../SOPC_bsp/\libhal_bsp.a(alt_iic.o)
 .debug_info    0x0000b910      0x2f4 ../SOPC_bsp/\libhal_bsp.a(alt_iic_isr_register.o)
 .debug_info    0x0000bc04      0x675 ../SOPC_bsp/\libhal_bsp.a(alt_io_redirect.o)
 .debug_info    0x0000c279       0x64 ../SOPC_bsp/\libhal_bsp.a(alt_irq_entry.o)
 .debug_info    0x0000c2dd      0x255 ../SOPC_bsp/\libhal_bsp.a(alt_irq_handler.o)
 .debug_info    0x0000c532      0x505 ../SOPC_bsp/\libhal_bsp.a(alt_open.o)
 .debug_info    0x0000ca37      0x3d2 ../SOPC_bsp/\libhal_bsp.a(alt_release_fd.o)
 .debug_info    0x0000ce09      0x3de ../SOPC_bsp/\libhal_bsp.a(alt_tick.o)
 .debug_info    0x0000d1e7      0x139 ../SOPC_bsp/\libhal_bsp.a(altera_nios2_irq.o)
 .debug_info    0x0000d320      0x8be ../SOPC_bsp/\libhal_bsp.a(altera_avalon_cfi_flash_amd.o)
 .debug_info    0x0000dbde      0x8b4 ../SOPC_bsp/\libhal_bsp.a(altera_avalon_cfi_flash_intel.o)
 .debug_info    0x0000e492      0x27e ../SOPC_bsp/\libhal_bsp.a(altera_avalon_spi.o)
 .debug_info    0x0000e710       0x6a ../SOPC_bsp/\libhal_bsp.a(alt_exception_entry.o)
 .debug_info    0x0000e77a      0x3f8 ../SOPC_bsp/\libhal_bsp.a(alt_find_dev.o)
 .debug_info    0x0000eb72      0x3ff ../SOPC_bsp/\libhal_bsp.a(alt_find_file.o)
 .debug_info    0x0000ef71      0x440 ../SOPC_bsp/\libhal_bsp.a(alt_get_fd.o)
 .debug_info    0x0000f3b1      0x181 c:/altera/11.0/nios2eds/bin/gnu/h-i686-mingw32/bin/../lib/gcc/nios2-elf/4.1.2/../../../../nios2-elf/lib\libc.a(lib_a-atexit.o)
 .debug_info    0x0000f532      0x93f c:/altera/11.0/nios2eds/bin/gnu/h-i686-mingw32/bin/../lib/gcc/nios2-elf/4.1.2/../../../../nios2-elf/lib\libc.a(lib_a-exit.o)
 .debug_info    0x0000fe71      0x93d c:/altera/11.0/nios2eds/bin/gnu/h-i686-mingw32/bin/../lib/gcc/nios2-elf/4.1.2/../../../../nios2-elf/lib\libc.a(lib_a-impure.o)
 .debug_info    0x000107ae       0x8c c:/altera/11.0/nios2eds/bin/gnu/h-i686-mingw32/bin/../lib/gcc/nios2-elf/4.1.2/../../../../nios2-elf/lib\libc.a(lib_a-int_errno.o)
 .debug_info    0x0001083a      0x115 c:/altera/11.0/nios2eds/bin/gnu/h-i686-mingw32/bin/../lib/gcc/nios2-elf/4.1.2/../../../../nios2-elf/lib\libc.a(lib_a-memcmp.o)
 .debug_info    0x0001094f      0x106 c:/altera/11.0/nios2eds/bin/gnu/h-i686-mingw32/bin/../lib/gcc/nios2-elf/4.1.2/../../../../nios2-elf/lib\libc.a(lib_a-memcpy.o)
 .debug_info    0x00010a55       0xdb c:/altera/11.0/nios2eds/bin/gnu/h-i686-mingw32/bin/../lib/gcc/nios2-elf/4.1.2/../../../../nios2-elf/lib\libc.a(lib_a-strlen.o)
 .debug_info    0x00010b30      0x99c c:/altera/11.0/nios2eds/bin/gnu/h-i686-mingw32/bin/../lib/gcc/nios2-elf/4.1.2/../../../../nios2-elf/lib\libc.a(lib_a-__atexit.o)
 .debug_info    0x000114cc      0x9e2 c:/altera/11.0/nios2eds/bin/gnu/h-i686-mingw32/bin/../lib/gcc/nios2-elf/4.1.2/../../../../nios2-elf/lib\libc.a(lib_a-__call_atexit.o)
 .debug_info    0x00011eae      0x16d ../SOPC_bsp/\libhal_bsp.a(alt_exit.o)

.debug_abbrev   0x00000000     0x41ed
 *(.debug_abbrev)
 .debug_abbrev  0x00000000       0x14 ../SOPC_bsp//obj/HAL/src/crt0.o
 .debug_abbrev  0x00000014       0xe3 obj/hello_world.o
 .debug_abbrev  0x000000f7      0x108 obj/oled.o
 .debug_abbrev  0x000001ff      0x1d2 c:/altera/11.0/nios2eds/bin/gnu/h-i686-mingw32/bin/../lib/gcc/nios2-elf/4.1.2\libgcc.a(_addsub_df.o)
 .debug_abbrev  0x000003d1      0x176 c:/altera/11.0/nios2eds/bin/gnu/h-i686-mingw32/bin/../lib/gcc/nios2-elf/4.1.2\libgcc.a(_df_to_si.o)
 .debug_abbrev  0x00000547       0xba c:/altera/11.0/nios2eds/bin/gnu/h-i686-mingw32/bin/../lib/gcc/nios2-elf/4.1.2\libgcc.a(_thenan_df.o)
 .debug_abbrev  0x00000601      0x155 c:/altera/11.0/nios2eds/bin/gnu/h-i686-mingw32/bin/../lib/gcc/nios2-elf/4.1.2\libgcc.a(_usi_to_df.o)
 .debug_abbrev  0x00000756       0xe0 c:/altera/11.0/nios2eds/bin/gnu/h-i686-mingw32/bin/../lib/gcc/nios2-elf/4.1.2\libgcc.a(lib2-divmod.o)
 .debug_abbrev  0x00000836       0xb9 c:/altera/11.0/nios2eds/bin/gnu/h-i686-mingw32/bin/../lib/gcc/nios2-elf/4.1.2\libgcc.a(_clzsi2.o)
 .debug_abbrev  0x000008ef      0x1b1 c:/altera/11.0/nios2eds/bin/gnu/h-i686-mingw32/bin/../lib/gcc/nios2-elf/4.1.2\libgcc.a(_pack_df.o)
 .debug_abbrev  0x00000aa0      0x149 c:/altera/11.0/nios2eds/bin/gnu/h-i686-mingw32/bin/../lib/gcc/nios2-elf/4.1.2\libgcc.a(_unpack_df.o)
 .debug_abbrev  0x00000be9       0x61 c:/altera/11.0/nios2eds/bin/gnu/h-i686-mingw32/bin/../lib/gcc/nios2-elf/4.1.2\libgcc.a(_clz.o)
 .debug_abbrev  0x00000c4a      0x180 ../SOPC_bsp/\libhal_bsp.a(alt_irq_register.o)
 .debug_abbrev  0x00000dca       0x44 ../SOPC_bsp/\libhal_bsp.a(alt_irq_vars.o)
 .debug_abbrev  0x00000e0e       0xb7 ../SOPC_bsp/\libhal_bsp.a(alt_main.o)
 .debug_abbrev  0x00000ec5       0x5d ../SOPC_bsp/\libhal_bsp.a(alt_usleep.o)
 .debug_abbrev  0x00000f22      0x170 ../SOPC_bsp/\libhal_bsp.a(alt_sys_init.o)
 .debug_abbrev  0x00001092      0x1bf ../SOPC_bsp/\libhal_bsp.a(altera_avalon_cfi_flash.o)
 .debug_abbrev  0x00001251      0x185 ../SOPC_bsp/\libhal_bsp.a(altera_avalon_cfi_flash_table.o)
 .debug_abbrev  0x000013d6      0x1bf ../SOPC_bsp/\libhal_bsp.a(altera_avalon_epcs_flash_controller.o)
 .debug_abbrev  0x00001595       0xf7 ../SOPC_bsp/\libhal_bsp.a(altera_avalon_jtag_uart_fd.o)
 .debug_abbrev  0x0000168c      0x17c ../SOPC_bsp/\libhal_bsp.a(altera_avalon_jtag_uart_init.o)
 .debug_abbrev  0x00001808       0xf0 ../SOPC_bsp/\libhal_bsp.a(altera_avalon_jtag_uart_ioctl.o)
 .debug_abbrev  0x000018f8      0x191 ../SOPC_bsp/\libhal_bsp.a(altera_avalon_jtag_uart_read.o)
 .debug_abbrev  0x00001a89      0x18d ../SOPC_bsp/\libhal_bsp.a(altera_avalon_jtag_uart_write.o)
 .debug_abbrev  0x00001c16      0x137 ../SOPC_bsp/\libhal_bsp.a(altera_avalon_timer_sc.o)
 .debug_abbrev  0x00001d4d       0xe8 ../SOPC_bsp/\libhal_bsp.a(altera_avalon_uart_fd.o)
 .debug_abbrev  0x00001e35      0x148 ../SOPC_bsp/\libhal_bsp.a(altera_avalon_uart_init.o)
 .debug_abbrev  0x00001f7d      0x174 ../SOPC_bsp/\libhal_bsp.a(altera_avalon_uart_read.o)
 .debug_abbrev  0x000020f1      0x17b ../SOPC_bsp/\libhal_bsp.a(altera_avalon_uart_write.o)
 .debug_abbrev  0x0000226c       0xe2 ../SOPC_bsp/\libhal_bsp.a(epcs_commands.o)
 .debug_abbrev  0x0000234e      0x172 ../SOPC_bsp/\libhal_bsp.a(alt_alarm_start.o)
 .debug_abbrev  0x000024c0       0x6c ../SOPC_bsp/\libhal_bsp.a(alt_busy_sleep.o)
 .debug_abbrev  0x0000252c       0xfb ../SOPC_bsp/\libhal_bsp.a(alt_close.o)
 .debug_abbrev  0x00002627       0x7a ../SOPC_bsp/\libhal_bsp.a(alt_dcache_flush.o)
 .debug_abbrev  0x000026a1       0xc7 ../SOPC_bsp/\libhal_bsp.a(alt_dev.o)
 .debug_abbrev  0x00002768       0xf6 ../SOPC_bsp/\libhal_bsp.a(alt_dev_llist_insert.o)
 .debug_abbrev  0x0000285e       0x76 ../SOPC_bsp/\libhal_bsp.a(alt_do_ctors.o)
 .debug_abbrev  0x000028d4       0x76 ../SOPC_bsp/\libhal_bsp.a(alt_do_dtors.o)
 .debug_abbrev  0x0000294a       0x5e ../SOPC_bsp/\libhal_bsp.a(alt_errno.o)
 .debug_abbrev  0x000029a8      0x121 ../SOPC_bsp/\libhal_bsp.a(alt_flash_dev.o)
 .debug_abbrev  0x00002ac9      0x134 ../SOPC_bsp/\libhal_bsp.a(alt_iic.o)
 .debug_abbrev  0x00002bfd      0x14e ../SOPC_bsp/\libhal_bsp.a(alt_iic_isr_register.o)
 .debug_abbrev  0x00002d4b       0xf0 ../SOPC_bsp/\libhal_bsp.a(alt_io_redirect.o)
 .debug_abbrev  0x00002e3b       0x12 ../SOPC_bsp/\libhal_bsp.a(alt_irq_entry.o)
 .debug_abbrev  0x00002e4d      0x10c ../SOPC_bsp/\libhal_bsp.a(alt_irq_handler.o)
 .debug_abbrev  0x00002f59      0x112 ../SOPC_bsp/\libhal_bsp.a(alt_open.o)
 .debug_abbrev  0x0000306b       0xc1 ../SOPC_bsp/\libhal_bsp.a(alt_release_fd.o)
 .debug_abbrev  0x0000312c      0x150 ../SOPC_bsp/\libhal_bsp.a(alt_tick.o)
 .debug_abbrev  0x0000327c       0x3f ../SOPC_bsp/\libhal_bsp.a(altera_nios2_irq.o)
 .debug_abbrev  0x000032bb      0x14d ../SOPC_bsp/\libhal_bsp.a(altera_avalon_cfi_flash_amd.o)
 .debug_abbrev  0x00003408      0x14d ../SOPC_bsp/\libhal_bsp.a(altera_avalon_cfi_flash_intel.o)
 .debug_abbrev  0x00003555       0x7c ../SOPC_bsp/\libhal_bsp.a(altera_avalon_spi.o)
 .debug_abbrev  0x000035d1       0x12 ../SOPC_bsp/\libhal_bsp.a(alt_exception_entry.o)
 .debug_abbrev  0x000035e3       0xcf ../SOPC_bsp/\libhal_bsp.a(alt_find_dev.o)
 .debug_abbrev  0x000036b2       0xcf ../SOPC_bsp/\libhal_bsp.a(alt_find_file.o)
 .debug_abbrev  0x00003781       0xfb ../SOPC_bsp/\libhal_bsp.a(alt_get_fd.o)
 .debug_abbrev  0x0000387c       0xb7 c:/altera/11.0/nios2eds/bin/gnu/h-i686-mingw32/bin/../lib/gcc/nios2-elf/4.1.2/../../../../nios2-elf/lib\libc.a(lib_a-atexit.o)
 .debug_abbrev  0x00003933      0x16e c:/altera/11.0/nios2eds/bin/gnu/h-i686-mingw32/bin/../lib/gcc/nios2-elf/4.1.2/../../../../nios2-elf/lib\libc.a(lib_a-exit.o)
 .debug_abbrev  0x00003aa1      0x157 c:/altera/11.0/nios2eds/bin/gnu/h-i686-mingw32/bin/../lib/gcc/nios2-elf/4.1.2/../../../../nios2-elf/lib\libc.a(lib_a-impure.o)
 .debug_abbrev  0x00003bf8       0x3b c:/altera/11.0/nios2eds/bin/gnu/h-i686-mingw32/bin/../lib/gcc/nios2-elf/4.1.2/../../../../nios2-elf/lib\libc.a(lib_a-int_errno.o)
 .debug_abbrev  0x00003c33       0x7c c:/altera/11.0/nios2eds/bin/gnu/h-i686-mingw32/bin/../lib/gcc/nios2-elf/4.1.2/../../../../nios2-elf/lib\libc.a(lib_a-memcmp.o)
 .debug_abbrev  0x00003caf       0xb5 c:/altera/11.0/nios2eds/bin/gnu/h-i686-mingw32/bin/../lib/gcc/nios2-elf/4.1.2/../../../../nios2-elf/lib\libc.a(lib_a-memcpy.o)
 .debug_abbrev  0x00003d64       0x8b c:/altera/11.0/nios2eds/bin/gnu/h-i686-mingw32/bin/../lib/gcc/nios2-elf/4.1.2/../../../../nios2-elf/lib\libc.a(lib_a-strlen.o)
 .debug_abbrev  0x00003def      0x1ae c:/altera/11.0/nios2eds/bin/gnu/h-i686-mingw32/bin/../lib/gcc/nios2-elf/4.1.2/../../../../nios2-elf/lib\libc.a(lib_a-__atexit.o)
 .debug_abbrev  0x00003f9d      0x1de c:/altera/11.0/nios2eds/bin/gnu/h-i686-mingw32/bin/../lib/gcc/nios2-elf/4.1.2/../../../../nios2-elf/lib\libc.a(lib_a-__call_atexit.o)
 .debug_abbrev  0x0000417b       0x72 ../SOPC_bsp/\libhal_bsp.a(alt_exit.o)

.debug_line     0x00000000     0xb516
 *(.debug_line)
 .debug_line    0x00000000       0x57 ../SOPC_bsp//obj/HAL/src/crt0.o
 .debug_line    0x00000057      0x30e obj/hello_world.o
 .debug_line    0x00000365      0xbe3 obj/oled.o
 .debug_line    0x00000f48      0x430 c:/altera/11.0/nios2eds/bin/gnu/h-i686-mingw32/bin/../lib/gcc/nios2-elf/4.1.2\libgcc.a(_addsub_df.o)
 .debug_line    0x00001378      0x149 c:/altera/11.0/nios2eds/bin/gnu/h-i686-mingw32/bin/../lib/gcc/nios2-elf/4.1.2\libgcc.a(_df_to_si.o)
 .debug_line    0x000014c1       0x94 c:/altera/11.0/nios2eds/bin/gnu/h-i686-mingw32/bin/../lib/gcc/nios2-elf/4.1.2\libgcc.a(_thenan_df.o)
 .debug_line    0x00001555      0x189 c:/altera/11.0/nios2eds/bin/gnu/h-i686-mingw32/bin/../lib/gcc/nios2-elf/4.1.2\libgcc.a(_usi_to_df.o)
 .debug_line    0x000016de      0x24f c:/altera/11.0/nios2eds/bin/gnu/h-i686-mingw32/bin/../lib/gcc/nios2-elf/4.1.2\libgcc.a(lib2-divmod.o)
 .debug_line    0x0000192d      0x105 c:/altera/11.0/nios2eds/bin/gnu/h-i686-mingw32/bin/../lib/gcc/nios2-elf/4.1.2\libgcc.a(_clzsi2.o)
 .debug_line    0x00001a32      0x222 c:/altera/11.0/nios2eds/bin/gnu/h-i686-mingw32/bin/../lib/gcc/nios2-elf/4.1.2\libgcc.a(_pack_df.o)
 .debug_line    0x00001c54      0x1e4 c:/altera/11.0/nios2eds/bin/gnu/h-i686-mingw32/bin/../lib/gcc/nios2-elf/4.1.2\libgcc.a(_unpack_df.o)
 .debug_line    0x00001e38       0xaa c:/altera/11.0/nios2eds/bin/gnu/h-i686-mingw32/bin/../lib/gcc/nios2-elf/4.1.2\libgcc.a(_clz.o)
 .debug_line    0x00001ee2      0x2fd ../SOPC_bsp/\libhal_bsp.a(alt_irq_register.o)
 .debug_line    0x000021df       0x72 ../SOPC_bsp/\libhal_bsp.a(alt_irq_vars.o)
 .debug_line    0x00002251      0x2c4 ../SOPC_bsp/\libhal_bsp.a(alt_main.o)
 .debug_line    0x00002515      0x1f9 ../SOPC_bsp/\libhal_bsp.a(alt_usleep.o)
 .debug_line    0x0000270e      0x387 ../SOPC_bsp/\libhal_bsp.a(alt_sys_init.o)
 .debug_line    0x00002a95      0x56d ../SOPC_bsp/\libhal_bsp.a(altera_avalon_cfi_flash.o)
 .debug_line    0x00003002      0x94b ../SOPC_bsp/\libhal_bsp.a(altera_avalon_cfi_flash_table.o)
 .debug_line    0x0000394d      0x6a1 ../SOPC_bsp/\libhal_bsp.a(altera_avalon_epcs_flash_controller.o)
 .debug_line    0x00003fee      0x214 ../SOPC_bsp/\libhal_bsp.a(altera_avalon_jtag_uart_fd.o)
 .debug_line    0x00004202      0x4a5 ../SOPC_bsp/\libhal_bsp.a(altera_avalon_jtag_uart_init.o)
 .debug_line    0x000046a7      0x311 ../SOPC_bsp/\libhal_bsp.a(altera_avalon_jtag_uart_ioctl.o)
 .debug_line    0x000049b8      0x3f1 ../SOPC_bsp/\libhal_bsp.a(altera_avalon_jtag_uart_read.o)
 .debug_line    0x00004da9      0x3ff ../SOPC_bsp/\libhal_bsp.a(altera_avalon_jtag_uart_write.o)
 .debug_line    0x000051a8      0x2ad ../SOPC_bsp/\libhal_bsp.a(altera_avalon_timer_sc.o)
 .debug_line    0x00005455      0x1cf ../SOPC_bsp/\libhal_bsp.a(altera_avalon_uart_fd.o)
 .debug_line    0x00005624      0x48c ../SOPC_bsp/\libhal_bsp.a(altera_avalon_uart_init.o)
 .debug_line    0x00005ab0      0x3fe ../SOPC_bsp/\libhal_bsp.a(altera_avalon_uart_read.o)
 .debug_line    0x00005eae      0x3df ../SOPC_bsp/\libhal_bsp.a(altera_avalon_uart_write.o)
 .debug_line    0x0000628d      0x2b5 ../SOPC_bsp/\libhal_bsp.a(epcs_commands.o)
 .debug_line    0x00006542      0x2d6 ../SOPC_bsp/\libhal_bsp.a(alt_alarm_start.o)
 .debug_line    0x00006818      0x253 ../SOPC_bsp/\libhal_bsp.a(alt_busy_sleep.o)
 .debug_line    0x00006a6b      0x293 ../SOPC_bsp/\libhal_bsp.a(alt_close.o)
 .debug_line    0x00006cfe      0x1db ../SOPC_bsp/\libhal_bsp.a(alt_dcache_flush.o)
 .debug_line    0x00006ed9      0x24e ../SOPC_bsp/\libhal_bsp.a(alt_dev.o)
 .debug_line    0x00007127      0x254 ../SOPC_bsp/\libhal_bsp.a(alt_dev_llist_insert.o)
 .debug_line    0x0000737b       0x83 ../SOPC_bsp/\libhal_bsp.a(alt_do_ctors.o)
 .debug_line    0x000073fe       0x83 ../SOPC_bsp/\libhal_bsp.a(alt_do_dtors.o)
 .debug_line    0x00007481      0x1a4 ../SOPC_bsp/\libhal_bsp.a(alt_errno.o)
 .debug_line    0x00007625      0x262 ../SOPC_bsp/\libhal_bsp.a(alt_flash_dev.o)
 .debug_line    0x00007887      0x2c2 ../SOPC_bsp/\libhal_bsp.a(alt_iic.o)
 .debug_line    0x00007b49      0x243 ../SOPC_bsp/\libhal_bsp.a(alt_iic_isr_register.o)
 .debug_line    0x00007d8c      0x2ae ../SOPC_bsp/\libhal_bsp.a(alt_io_redirect.o)
 .debug_line    0x0000803a       0x6b ../SOPC_bsp/\libhal_bsp.a(alt_irq_entry.o)
 .debug_line    0x000080a5      0x242 ../SOPC_bsp/\libhal_bsp.a(alt_irq_handler.o)
 .debug_line    0x000082e7      0x2f9 ../SOPC_bsp/\libhal_bsp.a(alt_open.o)
 .debug_line    0x000085e0       0xed ../SOPC_bsp/\libhal_bsp.a(alt_release_fd.o)
 .debug_line    0x000086cd      0x2d6 ../SOPC_bsp/\libhal_bsp.a(alt_tick.o)
 .debug_line    0x000089a3      0x1c3 ../SOPC_bsp/\libhal_bsp.a(altera_nios2_irq.o)
 .debug_line    0x00008b66      0x43f ../SOPC_bsp/\libhal_bsp.a(altera_avalon_cfi_flash_amd.o)
 .debug_line    0x00008fa5      0x431 ../SOPC_bsp/\libhal_bsp.a(altera_avalon_cfi_flash_intel.o)
 .debug_line    0x000093d6      0x1ef ../SOPC_bsp/\libhal_bsp.a(altera_avalon_spi.o)
 .debug_line    0x000095c5       0xab ../SOPC_bsp/\libhal_bsp.a(alt_exception_entry.o)
 .debug_line    0x00009670      0x265 ../SOPC_bsp/\libhal_bsp.a(alt_find_dev.o)
 .debug_line    0x000098d5      0x276 ../SOPC_bsp/\libhal_bsp.a(alt_find_file.o)
 .debug_line    0x00009b4b      0x291 ../SOPC_bsp/\libhal_bsp.a(alt_get_fd.o)
 .debug_line    0x00009ddc      0x1fa c:/altera/11.0/nios2eds/bin/gnu/h-i686-mingw32/bin/../lib/gcc/nios2-elf/4.1.2/../../../../nios2-elf/lib\libc.a(lib_a-atexit.o)
 .debug_line    0x00009fd6      0x232 c:/altera/11.0/nios2eds/bin/gnu/h-i686-mingw32/bin/../lib/gcc/nios2-elf/4.1.2/../../../../nios2-elf/lib\libc.a(lib_a-exit.o)
 .debug_line    0x0000a208      0x224 c:/altera/11.0/nios2eds/bin/gnu/h-i686-mingw32/bin/../lib/gcc/nios2-elf/4.1.2/../../../../nios2-elf/lib\libc.a(lib_a-impure.o)
 .debug_line    0x0000a42c      0x1d9 c:/altera/11.0/nios2eds/bin/gnu/h-i686-mingw32/bin/../lib/gcc/nios2-elf/4.1.2/../../../../nios2-elf/lib\libc.a(lib_a-int_errno.o)
 .debug_line    0x0000a605      0x296 c:/altera/11.0/nios2eds/bin/gnu/h-i686-mingw32/bin/../lib/gcc/nios2-elf/4.1.2/../../../../nios2-elf/lib\libc.a(lib_a-memcmp.o)
 .debug_line    0x0000a89b      0x1a9 c:/altera/11.0/nios2eds/bin/gnu/h-i686-mingw32/bin/../lib/gcc/nios2-elf/4.1.2/../../../../nios2-elf/lib\libc.a(lib_a-memcpy.o)
 .debug_line    0x0000aa44      0x264 c:/altera/11.0/nios2eds/bin/gnu/h-i686-mingw32/bin/../lib/gcc/nios2-elf/4.1.2/../../../../nios2-elf/lib\libc.a(lib_a-strlen.o)
 .debug_line    0x0000aca8      0x30d c:/altera/11.0/nios2eds/bin/gnu/h-i686-mingw32/bin/../lib/gcc/nios2-elf/4.1.2/../../../../nios2-elf/lib\libc.a(lib_a-__atexit.o)
 .debug_line    0x0000afb5      0x361 c:/altera/11.0/nios2eds/bin/gnu/h-i686-mingw32/bin/../lib/gcc/nios2-elf/4.1.2/../../../../nios2-elf/lib\libc.a(lib_a-__call_atexit.o)
 .debug_line    0x0000b316      0x200 ../SOPC_bsp/\libhal_bsp.a(alt_exit.o)

.debug_frame    0x00000000     0x1818
 *(.debug_frame)
 .debug_frame   0x00000000       0xb8 obj/hello_world.o
 .debug_frame   0x000000b8      0x518 obj/oled.o
 .debug_frame   0x000005d0       0x70 c:/altera/11.0/nios2eds/bin/gnu/h-i686-mingw32/bin/../lib/gcc/nios2-elf/4.1.2\libgcc.a(_addsub_df.o)
 .debug_frame   0x00000640       0x28 c:/altera/11.0/nios2eds/bin/gnu/h-i686-mingw32/bin/../lib/gcc/nios2-elf/4.1.2\libgcc.a(_df_to_si.o)
 .debug_frame   0x00000668       0x38 c:/altera/11.0/nios2eds/bin/gnu/h-i686-mingw32/bin/../lib/gcc/nios2-elf/4.1.2\libgcc.a(_usi_to_df.o)
 .debug_frame   0x000006a0       0x70 c:/altera/11.0/nios2eds/bin/gnu/h-i686-mingw32/bin/../lib/gcc/nios2-elf/4.1.2\libgcc.a(lib2-divmod.o)
 .debug_frame   0x00000710       0x20 c:/altera/11.0/nios2eds/bin/gnu/h-i686-mingw32/bin/../lib/gcc/nios2-elf/4.1.2\libgcc.a(_clzsi2.o)
 .debug_frame   0x00000730       0x2c c:/altera/11.0/nios2eds/bin/gnu/h-i686-mingw32/bin/../lib/gcc/nios2-elf/4.1.2\libgcc.a(_pack_df.o)
 .debug_frame   0x0000075c       0x20 c:/altera/11.0/nios2eds/bin/gnu/h-i686-mingw32/bin/../lib/gcc/nios2-elf/4.1.2\libgcc.a(_unpack_df.o)
 .debug_frame   0x0000077c       0x2c ../SOPC_bsp/\libhal_bsp.a(alt_irq_register.o)
 .debug_frame   0x000007a8       0x2c ../SOPC_bsp/\libhal_bsp.a(alt_main.o)
 .debug_frame   0x000007d4       0x2c ../SOPC_bsp/\libhal_bsp.a(alt_usleep.o)
 .debug_frame   0x00000800       0x64 ../SOPC_bsp/\libhal_bsp.a(alt_sys_init.o)
 .debug_frame   0x00000864       0xd4 ../SOPC_bsp/\libhal_bsp.a(altera_avalon_cfi_flash.o)
 .debug_frame   0x00000938      0x210 ../SOPC_bsp/\libhal_bsp.a(altera_avalon_cfi_flash_table.o)
 .debug_frame   0x00000b48      0x128 ../SOPC_bsp/\libhal_bsp.a(altera_avalon_epcs_flash_controller.o)
 .debug_frame   0x00000c70       0x80 ../SOPC_bsp/\libhal_bsp.a(altera_avalon_jtag_uart_fd.o)
 .debug_frame   0x00000cf0       0x80 ../SOPC_bsp/\libhal_bsp.a(altera_avalon_jtag_uart_init.o)
 .debug_frame   0x00000d70       0x2c ../SOPC_bsp/\libhal_bsp.a(altera_avalon_jtag_uart_ioctl.o)
 .debug_frame   0x00000d9c       0x2c ../SOPC_bsp/\libhal_bsp.a(altera_avalon_jtag_uart_read.o)
 .debug_frame   0x00000dc8       0x2c ../SOPC_bsp/\libhal_bsp.a(altera_avalon_jtag_uart_write.o)
 .debug_frame   0x00000df4       0x48 ../SOPC_bsp/\libhal_bsp.a(altera_avalon_timer_sc.o)
 .debug_frame   0x00000e3c       0x64 ../SOPC_bsp/\libhal_bsp.a(altera_avalon_uart_fd.o)
 .debug_frame   0x00000ea0       0x9c ../SOPC_bsp/\libhal_bsp.a(altera_avalon_uart_init.o)
 .debug_frame   0x00000f3c       0x48 ../SOPC_bsp/\libhal_bsp.a(altera_avalon_uart_read.o)
 .debug_frame   0x00000f84       0x48 ../SOPC_bsp/\libhal_bsp.a(altera_avalon_uart_write.o)
 .debug_frame   0x00000fcc      0x128 ../SOPC_bsp/\libhal_bsp.a(epcs_commands.o)
 .debug_frame   0x000010f4       0x2c ../SOPC_bsp/\libhal_bsp.a(alt_alarm_start.o)
 .debug_frame   0x00001120       0x2c ../SOPC_bsp/\libhal_bsp.a(alt_busy_sleep.o)
 .debug_frame   0x0000114c       0x48 ../SOPC_bsp/\libhal_bsp.a(alt_close.o)
 .debug_frame   0x00001194       0x2c ../SOPC_bsp/\libhal_bsp.a(alt_dcache_flush.o)
 .debug_frame   0x000011c0       0x2c ../SOPC_bsp/\libhal_bsp.a(alt_dev.o)
 .debug_frame   0x000011ec       0x48 ../SOPC_bsp/\libhal_bsp.a(alt_dev_llist_insert.o)
 .debug_frame   0x00001234       0x2c ../SOPC_bsp/\libhal_bsp.a(alt_do_ctors.o)
 .debug_frame   0x00001260       0x2c ../SOPC_bsp/\libhal_bsp.a(alt_do_dtors.o)
 .debug_frame   0x0000128c       0x48 ../SOPC_bsp/\libhal_bsp.a(alt_flash_dev.o)
 .debug_frame   0x000012d4       0x80 ../SOPC_bsp/\libhal_bsp.a(alt_iic.o)
 .debug_frame   0x00001354       0x2c ../SOPC_bsp/\libhal_bsp.a(alt_iic_isr_register.o)
 .debug_frame   0x00001380       0x48 ../SOPC_bsp/\libhal_bsp.a(alt_io_redirect.o)
 .debug_frame   0x000013c8       0x2c ../SOPC_bsp/\libhal_bsp.a(alt_irq_handler.o)
 .debug_frame   0x000013f4       0x64 ../SOPC_bsp/\libhal_bsp.a(alt_open.o)
 .debug_frame   0x00001458       0x2c ../SOPC_bsp/\libhal_bsp.a(alt_release_fd.o)
 .debug_frame   0x00001484       0x48 ../SOPC_bsp/\libhal_bsp.a(alt_tick.o)
 .debug_frame   0x000014cc       0x2c ../SOPC_bsp/\libhal_bsp.a(altera_nios2_irq.o)
 .debug_frame   0x000014f8       0x80 ../SOPC_bsp/\libhal_bsp.a(altera_avalon_cfi_flash_amd.o)
 .debug_frame   0x00001578       0x80 ../SOPC_bsp/\libhal_bsp.a(altera_avalon_cfi_flash_intel.o)
 .debug_frame   0x000015f8       0x2c ../SOPC_bsp/\libhal_bsp.a(altera_avalon_spi.o)
 .debug_frame   0x00001624       0x2c ../SOPC_bsp/\libhal_bsp.a(alt_find_dev.o)
 .debug_frame   0x00001650       0x2c ../SOPC_bsp/\libhal_bsp.a(alt_find_file.o)
 .debug_frame   0x0000167c       0x2c ../SOPC_bsp/\libhal_bsp.a(alt_get_fd.o)
 .debug_frame   0x000016a8       0x20 c:/altera/11.0/nios2eds/bin/gnu/h-i686-mingw32/bin/../lib/gcc/nios2-elf/4.1.2/../../../../nios2-elf/lib\libc.a(lib_a-atexit.o)
 .debug_frame   0x000016c8       0x28 c:/altera/11.0/nios2eds/bin/gnu/h-i686-mingw32/bin/../lib/gcc/nios2-elf/4.1.2/../../../../nios2-elf/lib\libc.a(lib_a-exit.o)
 .debug_frame   0x000016f0       0x20 c:/altera/11.0/nios2eds/bin/gnu/h-i686-mingw32/bin/../lib/gcc/nios2-elf/4.1.2/../../../../nios2-elf/lib\libc.a(lib_a-memcmp.o)
 .debug_frame   0x00001710       0x20 c:/altera/11.0/nios2eds/bin/gnu/h-i686-mingw32/bin/../lib/gcc/nios2-elf/4.1.2/../../../../nios2-elf/lib\libc.a(lib_a-memcpy.o)
 .debug_frame   0x00001730       0x20 c:/altera/11.0/nios2eds/bin/gnu/h-i686-mingw32/bin/../lib/gcc/nios2-elf/4.1.2/../../../../nios2-elf/lib\libc.a(lib_a-strlen.o)
 .debug_frame   0x00001750       0x34 c:/altera/11.0/nios2eds/bin/gnu/h-i686-mingw32/bin/../lib/gcc/nios2-elf/4.1.2/../../../../nios2-elf/lib\libc.a(lib_a-__atexit.o)
 .debug_frame   0x00001784       0x4c c:/altera/11.0/nios2eds/bin/gnu/h-i686-mingw32/bin/../lib/gcc/nios2-elf/4.1.2/../../../../nios2-elf/lib\libc.a(lib_a-__call_atexit.o)
 .debug_frame   0x000017d0       0x48 ../SOPC_bsp/\libhal_bsp.a(alt_exit.o)

.debug_str      0x00000000     0x1116
 *(.debug_str)
 .debug_str     0x00000000       0x12 obj/hello_world.o
 .debug_str     0x00000012       0x2b obj/oled.o
 .debug_str     0x0000003d      0x207 c:/altera/11.0/nios2eds/bin/gnu/h-i686-mingw32/bin/../lib/gcc/nios2-elf/4.1.2\libgcc.a(_addsub_df.o)
                                0x26c (size before relaxing)
 .debug_str     0x00000244        0xa c:/altera/11.0/nios2eds/bin/gnu/h-i686-mingw32/bin/../lib/gcc/nios2-elf/4.1.2\libgcc.a(_df_to_si.o)
                                0x204 (size before relaxing)
 .debug_str     0x00000000      0x1a0 c:/altera/11.0/nios2eds/bin/gnu/h-i686-mingw32/bin/../lib/gcc/nios2-elf/4.1.2\libgcc.a(_thenan_df.o)
 .debug_str     0x0000024e       0x21 c:/altera/11.0/nios2eds/bin/gnu/h-i686-mingw32/bin/../lib/gcc/nios2-elf/4.1.2\libgcc.a(_usi_to_df.o)
                                0x1d7 (size before relaxing)
 .debug_str     0x0000026f       0xa1 c:/altera/11.0/nios2eds/bin/gnu/h-i686-mingw32/bin/../lib/gcc/nios2-elf/4.1.2\libgcc.a(lib2-divmod.o)
                                0x1b1 (size before relaxing)
 .debug_str     0x00000310       0x40 c:/altera/11.0/nios2eds/bin/gnu/h-i686-mingw32/bin/../lib/gcc/nios2-elf/4.1.2\libgcc.a(_clzsi2.o)
                                0x17b (size before relaxing)
 .debug_str     0x00000350       0x10 c:/altera/11.0/nios2eds/bin/gnu/h-i686-mingw32/bin/../lib/gcc/nios2-elf/4.1.2\libgcc.a(_pack_df.o)
                                0x203 (size before relaxing)
 .debug_str     0x00000360        0xb c:/altera/11.0/nios2eds/bin/gnu/h-i686-mingw32/bin/../lib/gcc/nios2-elf/4.1.2\libgcc.a(_unpack_df.o)
                                0x1e5 (size before relaxing)
 .debug_str     0x00000000      0x15e c:/altera/11.0/nios2eds/bin/gnu/h-i686-mingw32/bin/../lib/gcc/nios2-elf/4.1.2\libgcc.a(_clz.o)
 .debug_str     0x0000036b       0x21 ../SOPC_bsp/\libhal_bsp.a(alt_irq_register.o)
 .debug_str     0x0000038c       0x12 ../SOPC_bsp/\libhal_bsp.a(alt_main.o)
 .debug_str     0x0000039e       0x12 ../SOPC_bsp/\libhal_bsp.a(alt_usleep.o)
 .debug_str     0x000003b0       0x52 ../SOPC_bsp/\libhal_bsp.a(alt_sys_init.o)
 .debug_str     0x00000402       0x82 ../SOPC_bsp/\libhal_bsp.a(altera_avalon_cfi_flash.o)
 .debug_str     0x00000484       0x6d ../SOPC_bsp/\libhal_bsp.a(altera_avalon_cfi_flash_table.o)
 .debug_str     0x000004f1       0x90 ../SOPC_bsp/\libhal_bsp.a(altera_avalon_epcs_flash_controller.o)
 .debug_str     0x00000581       0x12 ../SOPC_bsp/\libhal_bsp.a(altera_avalon_jtag_uart_fd.o)
 .debug_str     0x00000593       0x1a ../SOPC_bsp/\libhal_bsp.a(altera_avalon_jtag_uart_init.o)
 .debug_str     0x000005ad       0x12 ../SOPC_bsp/\libhal_bsp.a(altera_avalon_jtag_uart_ioctl.o)
 .debug_str     0x000005bf       0x1a ../SOPC_bsp/\libhal_bsp.a(altera_avalon_jtag_uart_read.o)